[2025-02-01T07:58:24.425+0000][gc,heap] Heap region size: 1M
[2025-02-01T07:58:24.433+0000][gc     ] Using G1
[2025-02-01T07:58:24.433+0000][gc,heap,coops] Heap address: 0x00000000c0000000, size: 1024 MB, Compressed Oops mode: 32-bit
[2025-02-01T07:58:25.456+0000][gc,start     ] GC(0) Pause Young (Concurrent Start) (Metadata GC Threshold)
[2025-02-01T07:58:25.457+0000][gc,task      ] GC(0) Using 2 workers of 2 for evacuation
[2025-02-01T07:58:25.464+0000][gc,phases    ] GC(0)   Pre Evacuate Collection Set: 0.0ms
[2025-02-01T07:58:25.464+0000][gc,phases    ] GC(0)   Evacuate Collection Set: 7.3ms
[2025-02-01T07:58:25.464+0000][gc,phases    ] GC(0)   Post Evacuate Collection Set: 0.3ms
[2025-02-01T07:58:25.464+0000][gc,phases    ] GC(0)   Other: 0.3ms
[2025-02-01T07:58:25.464+0000][gc,heap      ] GC(0) Eden regions: 39->0(44)
[2025-02-01T07:58:25.464+0000][gc,heap      ] GC(0) Survivor regions: 0->7(7)
[2025-02-01T07:58:25.464+0000][gc,heap      ] GC(0) Old regions: 0->0
[2025-02-01T07:58:25.464+0000][gc,heap      ] GC(0) Humongous regions: 0->0
[2025-02-01T07:58:25.464+0000][gc,metaspace ] GC(0) Metaspace: 20775K->20775K(1069056K)
[2025-02-01T07:58:25.464+0000][gc           ] GC(0) Pause Young (Concurrent Start) (Metadata GC Threshold) 39M->6M(1024M) 8.019ms
[2025-02-01T07:58:25.464+0000][gc,cpu       ] GC(0) User=0.02s Sys=0.00s Real=0.01s
[2025-02-01T07:58:25.465+0000][gc           ] GC(1) Concurrent Cycle
[2025-02-01T07:58:25.465+0000][gc,marking   ] GC(1) Concurrent Clear Claimed Marks
[2025-02-01T07:58:25.465+0000][gc,marking   ] GC(1) Concurrent Clear Claimed Marks 0.020ms
[2025-02-01T07:58:25.465+0000][gc,marking   ] GC(1) Concurrent Scan Root Regions
[2025-02-01T07:58:25.467+0000][gc,marking   ] GC(1) Concurrent Scan Root Regions 2.462ms
[2025-02-01T07:58:25.467+0000][gc,marking   ] GC(1) Concurrent Mark (1.045s)
[2025-02-01T07:58:25.467+0000][gc,marking   ] GC(1) Concurrent Mark From Roots
[2025-02-01T07:58:25.467+0000][gc,task      ] GC(1) Using 1 workers of 1 for marking
[2025-02-01T07:58:25.468+0000][gc,marking   ] GC(1) Concurrent Mark From Roots 0.484ms
[2025-02-01T07:58:25.468+0000][gc,marking   ] GC(1) Concurrent Preclean
[2025-02-01T07:58:25.468+0000][gc,marking   ] GC(1) Concurrent Preclean 0.023ms
[2025-02-01T07:58:25.468+0000][gc,marking   ] GC(1) Concurrent Mark (1.045s, 1.045s) 0.541ms
[2025-02-01T07:58:25.468+0000][gc,start     ] GC(1) Pause Remark
[2025-02-01T07:58:25.470+0000][gc,stringtable] GC(1) Cleaned string and symbol table, strings: 7098 processed, 0 removed, symbols: 64199 processed, 41 removed
[2025-02-01T07:58:25.470+0000][gc            ] GC(1) Pause Remark 6M->6M(1024M) 2.584ms
[2025-02-01T07:58:25.470+0000][gc,cpu        ] GC(1) User=0.00s Sys=0.00s Real=0.01s
[2025-02-01T07:58:25.470+0000][gc,marking    ] GC(1) Concurrent Rebuild Remembered Sets
[2025-02-01T07:58:25.471+0000][gc,marking    ] GC(1) Concurrent Rebuild Remembered Sets 0.137ms
[2025-02-01T07:58:25.471+0000][gc,start      ] GC(1) Pause Cleanup
[2025-02-01T07:58:25.471+0000][gc            ] GC(1) Pause Cleanup 6M->6M(1024M) 0.149ms
[2025-02-01T07:58:25.471+0000][gc,cpu        ] GC(1) User=0.00s Sys=0.00s Real=0.00s
[2025-02-01T07:58:25.471+0000][gc,marking    ] GC(1) Concurrent Cleanup for Next Mark
[2025-02-01T07:58:25.478+0000][gc,marking    ] GC(1) Concurrent Cleanup for Next Mark 7.482ms
[2025-02-01T07:58:25.478+0000][gc            ] GC(1) Concurrent Cycle 13.869ms
[2025-02-01T07:58:26.445+0000][gc,start      ] GC(2) Pause Young (Normal) (G1 Evacuation Pause)
[2025-02-01T07:58:26.445+0000][gc,task       ] GC(2) Using 2 workers of 2 for evacuation
[2025-02-01T07:58:26.456+0000][gc,phases     ] GC(2)   Pre Evacuate Collection Set: 0.0ms
[2025-02-01T07:58:26.456+0000][gc,phases     ] GC(2)   Evacuate Collection Set: 11.3ms
[2025-02-01T07:58:26.456+0000][gc,phases     ] GC(2)   Post Evacuate Collection Set: 0.3ms
[2025-02-01T07:58:26.456+0000][gc,phases     ] GC(2)   Other: 0.1ms
[2025-02-01T07:58:26.456+0000][gc,heap       ] GC(2) Eden regions: 44->0(48)
[2025-02-01T07:58:26.456+0000][gc,heap       ] GC(2) Survivor regions: 7->3(7)
[2025-02-01T07:58:26.456+0000][gc,heap       ] GC(2) Old regions: 0->7
[2025-02-01T07:58:26.456+0000][gc,heap       ] GC(2) Humongous regions: 129->129
[2025-02-01T07:58:26.456+0000][gc,metaspace  ] GC(2) Metaspace: 30905K->30905K(1077248K)
[2025-02-01T07:58:26.456+0000][gc            ] GC(2) Pause Young (Normal) (G1 Evacuation Pause) 179M->137M(1024M) 11.827ms
[2025-02-01T07:58:26.457+0000][gc,cpu        ] GC(2) User=0.02s Sys=0.00s Real=0.01s
[2025-02-01T07:58:27.062+0000][gc,start      ] GC(3) Pause Young (Concurrent Start) (Metadata GC Threshold)
[2025-02-01T07:58:27.062+0000][gc,task       ] GC(3) Using 2 workers of 2 for evacuation
[2025-02-01T07:58:27.078+0000][gc,phases     ] GC(3)   Pre Evacuate Collection Set: 0.1ms
[2025-02-01T07:58:27.078+0000][gc,phases     ] GC(3)   Evacuate Collection Set: 15.9ms
[2025-02-01T07:58:27.079+0000][gc,phases     ] GC(3)   Post Evacuate Collection Set: 0.2ms
[2025-02-01T07:58:27.079+0000][gc,phases     ] GC(3)   Other: 0.2ms
[2025-02-01T07:58:27.079+0000][gc,heap       ] GC(3) Eden regions: 23->0(47)
[2025-02-01T07:58:27.079+0000][gc,heap       ] GC(3) Survivor regions: 3->4(7)
[2025-02-01T07:58:27.079+0000][gc,heap       ] GC(3) Old regions: 7->7
[2025-02-01T07:58:27.079+0000][gc,heap       ] GC(3) Humongous regions: 129->129
[2025-02-01T07:58:27.079+0000][gc,metaspace  ] GC(3) Metaspace: 34919K->34919K(1081344K)
[2025-02-01T07:58:27.079+0000][gc            ] GC(3) Pause Young (Concurrent Start) (Metadata GC Threshold) 160M->139M(1024M) 16.484ms
[2025-02-01T07:58:27.079+0000][gc,cpu        ] GC(3) User=0.02s Sys=0.00s Real=0.02s
[2025-02-01T07:58:27.079+0000][gc            ] GC(4) Concurrent Cycle
[2025-02-01T07:58:27.079+0000][gc,marking    ] GC(4) Concurrent Clear Claimed Marks
[2025-02-01T07:58:27.079+0000][gc,marking    ] GC(4) Concurrent Clear Claimed Marks 0.029ms
[2025-02-01T07:58:27.079+0000][gc,marking    ] GC(4) Concurrent Scan Root Regions
[2025-02-01T07:58:27.082+0000][gc,marking    ] GC(4) Concurrent Scan Root Regions 3.579ms
[2025-02-01T07:58:27.082+0000][gc,marking    ] GC(4) Concurrent Mark (2.660s)
[2025-02-01T07:58:27.082+0000][gc,marking    ] GC(4) Concurrent Mark From Roots
[2025-02-01T07:58:27.082+0000][gc,task       ] GC(4) Using 1 workers of 1 for marking
[2025-02-01T07:58:27.114+0000][gc,marking    ] GC(4) Concurrent Mark From Roots 31.191ms
[2025-02-01T07:58:27.114+0000][gc,marking    ] GC(4) Concurrent Preclean
[2025-02-01T07:58:27.114+0000][gc,marking    ] GC(4) Concurrent Preclean 0.053ms
[2025-02-01T07:58:27.114+0000][gc,marking    ] GC(4) Concurrent Mark (2.660s, 2.691s) 31.293ms
[2025-02-01T07:58:27.118+0000][gc,start      ] GC(4) Pause Remark
[2025-02-01T07:58:27.122+0000][gc,stringtable] GC(4) Cleaned string and symbol table, strings: 11839 processed, 7 removed, symbols: 96683 processed, 25 removed
[2025-02-01T07:58:27.122+0000][gc            ] GC(4) Pause Remark 140M->140M(1024M) 3.681ms
[2025-02-01T07:58:27.122+0000][gc,cpu        ] GC(4) User=0.01s Sys=0.00s Real=0.00s
[2025-02-01T07:58:27.122+0000][gc,marking    ] GC(4) Concurrent Rebuild Remembered Sets
[2025-02-01T07:58:27.127+0000][gc,marking    ] GC(4) Concurrent Rebuild Remembered Sets 5.224ms
[2025-02-01T07:58:27.138+0000][gc,start      ] GC(4) Pause Cleanup
[2025-02-01T07:58:27.141+0000][gc            ] GC(4) Pause Cleanup 141M->141M(1024M) 3.443ms
[2025-02-01T07:58:27.141+0000][gc,cpu        ] GC(4) User=0.00s Sys=0.00s Real=0.00s
[2025-02-01T07:58:27.141+0000][gc,marking    ] GC(4) Concurrent Cleanup for Next Mark
[2025-02-01T07:58:27.146+0000][gc,marking    ] GC(4) Concurrent Cleanup for Next Mark 4.928ms
[2025-02-01T07:58:27.146+0000][gc            ] GC(4) Concurrent Cycle 67.350ms
[2025-02-01T08:09:31.048+0000][gc,start      ] GC(5) Pause Young (Normal) (G1 Evacuation Pause)
[2025-02-01T08:09:31.048+0000][gc,task       ] GC(5) Using 2 workers of 2 for evacuation
[2025-02-01T08:09:31.058+0000][gc,phases     ] GC(5)   Pre Evacuate Collection Set: 0.0ms
[2025-02-01T08:09:31.058+0000][gc,phases     ] GC(5)   Evacuate Collection Set: 10.2ms
[2025-02-01T08:09:31.058+0000][gc,phases     ] GC(5)   Post Evacuate Collection Set: 0.3ms
[2025-02-01T08:09:31.058+0000][gc,phases     ] GC(5)   Other: 0.2ms
[2025-02-01T08:09:31.058+0000][gc,heap       ] GC(5) Eden regions: 47->0(46)
[2025-02-01T08:09:31.058+0000][gc,heap       ] GC(5) Survivor regions: 4->5(7)
[2025-02-01T08:09:31.058+0000][gc,heap       ] GC(5) Old regions: 7->9
[2025-02-01T08:09:31.058+0000][gc,heap       ] GC(5) Humongous regions: 129->129
[2025-02-01T08:09:31.058+0000][gc,metaspace  ] GC(5) Metaspace: 44536K->44536K(1089536K)
[2025-02-01T08:09:31.058+0000][gc            ] GC(5) Pause Young (Normal) (G1 Evacuation Pause) 186M->141M(1024M) 10.771ms
[2025-02-01T08:09:31.058+0000][gc,cpu        ] GC(5) User=0.02s Sys=0.00s Real=0.02s
[2025-02-01T08:09:54.729+0000][gc,start      ] GC(6) Pause Young (Normal) (G1 Evacuation Pause)
[2025-02-01T08:09:54.729+0000][gc,task       ] GC(6) Using 2 workers of 2 for evacuation
[2025-02-01T08:09:54.740+0000][gc,phases     ] GC(6)   Pre Evacuate Collection Set: 0.0ms
[2025-02-01T08:09:54.740+0000][gc,phases     ] GC(6)   Evacuate Collection Set: 10.7ms
[2025-02-01T08:09:54.740+0000][gc,phases     ] GC(6)   Post Evacuate Collection Set: 0.3ms
[2025-02-01T08:09:54.740+0000][gc,phases     ] GC(6)   Other: 0.2ms
[2025-02-01T08:09:54.740+0000][gc,heap       ] GC(6) Eden regions: 46->0(46)
[2025-02-01T08:09:54.740+0000][gc,heap       ] GC(6) Survivor regions: 5->5(7)
[2025-02-01T08:09:54.740+0000][gc,heap       ] GC(6) Old regions: 9->11
[2025-02-01T08:09:54.740+0000][gc,heap       ] GC(6) Humongous regions: 129->129
[2025-02-01T08:09:54.740+0000][gc,metaspace  ] GC(6) Metaspace: 46904K->46904K(1091584K)
[2025-02-01T08:09:54.740+0000][gc            ] GC(6) Pause Young (Normal) (G1 Evacuation Pause) 187M->144M(1024M) 11.408ms
[2025-02-01T08:09:54.740+0000][gc,cpu        ] GC(6) User=0.02s Sys=0.01s Real=0.02s
[2025-02-01T08:10:32.514+0000][gc,start      ] GC(7) Pause Young (Normal) (G1 Evacuation Pause)
[2025-02-01T08:10:32.514+0000][gc,task       ] GC(7) Using 2 workers of 2 for evacuation
[2025-02-01T08:10:32.522+0000][gc,phases     ] GC(7)   Pre Evacuate Collection Set: 0.0ms
[2025-02-01T08:10:32.522+0000][gc,phases     ] GC(7)   Evacuate Collection Set: 7.7ms
[2025-02-01T08:10:32.522+0000][gc,phases     ] GC(7)   Post Evacuate Collection Set: 0.3ms
[2025-02-01T08:10:32.522+0000][gc,phases     ] GC(7)   Other: 0.2ms
[2025-02-01T08:10:32.522+0000][gc,heap       ] GC(7) Eden regions: 46->0(48)
[2025-02-01T08:10:32.522+0000][gc,heap       ] GC(7) Survivor regions: 5->3(7)
[2025-02-01T08:10:32.522+0000][gc,heap       ] GC(7) Old regions: 11->13
[2025-02-01T08:10:32.522+0000][gc,heap       ] GC(7) Humongous regions: 129->129
[2025-02-01T08:10:32.522+0000][gc,metaspace  ] GC(7) Metaspace: 46953K->46953K(1091584K)
[2025-02-01T08:10:32.522+0000][gc            ] GC(7) Pause Young (Normal) (G1 Evacuation Pause) 190M->144M(1024M) 8.302ms
[2025-02-01T08:10:32.522+0000][gc,cpu        ] GC(7) User=0.01s Sys=0.00s Real=0.01s
[2025-02-01T08:11:15.199+0000][gc,start      ] GC(8) Pause Young (Normal) (G1 Evacuation Pause)
[2025-02-01T08:11:15.199+0000][gc,task       ] GC(8) Using 2 workers of 2 for evacuation
[2025-02-01T08:11:15.204+0000][gc,phases     ] GC(8)   Pre Evacuate Collection Set: 0.0ms
[2025-02-01T08:11:15.204+0000][gc,phases     ] GC(8)   Evacuate Collection Set: 4.8ms
[2025-02-01T08:11:15.204+0000][gc,phases     ] GC(8)   Post Evacuate Collection Set: 0.3ms
[2025-02-01T08:11:15.204+0000][gc,phases     ] GC(8)   Other: 0.2ms
[2025-02-01T08:11:15.204+0000][gc,heap       ] GC(8) Eden regions: 48->0(48)
[2025-02-01T08:11:15.204+0000][gc,heap       ] GC(8) Survivor regions: 3->3(7)
[2025-02-01T08:11:15.204+0000][gc,heap       ] GC(8) Old regions: 13->13
[2025-02-01T08:11:15.204+0000][gc,heap       ] GC(8) Humongous regions: 129->129
[2025-02-01T08:11:15.204+0000][gc,metaspace  ] GC(8) Metaspace: 47007K->47007K(1091584K)
[2025-02-01T08:11:15.204+0000][gc            ] GC(8) Pause Young (Normal) (G1 Evacuation Pause) 192M->144M(1024M) 5.327ms
[2025-02-01T08:11:15.204+0000][gc,cpu        ] GC(8) User=0.01s Sys=0.00s Real=0.00s
[2025-02-01T08:11:58.428+0000][gc,start      ] GC(9) Pause Young (Normal) (G1 Evacuation Pause)
[2025-02-01T08:11:58.428+0000][gc,task       ] GC(9) Using 2 workers of 2 for evacuation
[2025-02-01T08:11:58.433+0000][gc,phases     ] GC(9)   Pre Evacuate Collection Set: 0.0ms
[2025-02-01T08:11:58.433+0000][gc,phases     ] GC(9)   Evacuate Collection Set: 4.4ms
[2025-02-01T08:11:58.433+0000][gc,phases     ] GC(9)   Post Evacuate Collection Set: 0.3ms
[2025-02-01T08:11:58.433+0000][gc,phases     ] GC(9)   Other: 0.2ms
[2025-02-01T08:11:58.433+0000][gc,heap       ] GC(9) Eden regions: 48->0(48)
[2025-02-01T08:11:58.433+0000][gc,heap       ] GC(9) Survivor regions: 3->3(7)
[2025-02-01T08:11:58.433+0000][gc,heap       ] GC(9) Old regions: 13->13
[2025-02-01T08:11:58.433+0000][gc,heap       ] GC(9) Humongous regions: 129->129
[2025-02-01T08:11:58.433+0000][gc,metaspace  ] GC(9) Metaspace: 47068K->47068K(1091584K)
[2025-02-01T08:11:58.433+0000][gc            ] GC(9) Pause Young (Normal) (G1 Evacuation Pause) 192M->144M(1024M) 5.004ms
[2025-02-01T08:11:58.433+0000][gc,cpu        ] GC(9) User=0.01s Sys=0.00s Real=0.01s
[2025-02-01T08:12:41.308+0000][gc,start      ] GC(10) Pause Young (Normal) (G1 Evacuation Pause)
[2025-02-01T08:12:41.308+0000][gc,task       ] GC(10) Using 2 workers of 2 for evacuation
[2025-02-01T08:12:41.314+0000][gc,phases     ] GC(10)   Pre Evacuate Collection Set: 0.0ms
[2025-02-01T08:12:41.314+0000][gc,phases     ] GC(10)   Evacuate Collection Set: 6.1ms
[2025-02-01T08:12:41.314+0000][gc,phases     ] GC(10)   Post Evacuate Collection Set: 0.2ms
[2025-02-01T08:12:41.314+0000][gc,phases     ] GC(10)   Other: 0.2ms
[2025-02-01T08:12:41.314+0000][gc,heap       ] GC(10) Eden regions: 48->0(48)
[2025-02-01T08:12:41.314+0000][gc,heap       ] GC(10) Survivor regions: 3->3(7)
[2025-02-01T08:12:41.314+0000][gc,heap       ] GC(10) Old regions: 13->13
[2025-02-01T08:12:41.314+0000][gc,heap       ] GC(10) Humongous regions: 129->129
[2025-02-01T08:12:41.314+0000][gc,metaspace  ] GC(10) Metaspace: 47096K->47096K(1091584K)
[2025-02-01T08:12:41.315+0000][gc            ] GC(10) Pause Young (Normal) (G1 Evacuation Pause) 192M->144M(1024M) 6.635ms
[2025-02-01T08:12:41.315+0000][gc,cpu        ] GC(10) User=0.01s Sys=0.00s Real=0.01s
[2025-02-01T08:13:25.066+0000][gc,start      ] GC(11) Pause Young (Normal) (G1 Evacuation Pause)
[2025-02-01T08:13:25.066+0000][gc,task       ] GC(11) Using 2 workers of 2 for evacuation
[2025-02-01T08:13:25.075+0000][gc,phases     ] GC(11)   Pre Evacuate Collection Set: 0.0ms
[2025-02-01T08:13:25.075+0000][gc,phases     ] GC(11)   Evacuate Collection Set: 8.9ms
[2025-02-01T08:13:25.075+0000][gc,phases     ] GC(11)   Post Evacuate Collection Set: 0.2ms
[2025-02-01T08:13:25.075+0000][gc,phases     ] GC(11)   Other: 0.2ms
[2025-02-01T08:13:25.075+0000][gc,heap       ] GC(11) Eden regions: 48->0(48)
[2025-02-01T08:13:25.075+0000][gc,heap       ] GC(11) Survivor regions: 3->3(7)
[2025-02-01T08:13:25.075+0000][gc,heap       ] GC(11) Old regions: 13->13
[2025-02-01T08:13:25.075+0000][gc,heap       ] GC(11) Humongous regions: 129->129
[2025-02-01T08:13:25.075+0000][gc,metaspace  ] GC(11) Metaspace: 47123K->47123K(1091584K)
[2025-02-01T08:13:25.075+0000][gc            ] GC(11) Pause Young (Normal) (G1 Evacuation Pause) 192M->144M(1024M) 9.469ms
[2025-02-01T08:13:25.075+0000][gc,cpu        ] GC(11) User=0.00s Sys=0.00s Real=0.01s
[2025-02-01T08:14:08.379+0000][gc,start      ] GC(12) Pause Young (Normal) (G1 Evacuation Pause)
[2025-02-01T08:14:08.379+0000][gc,task       ] GC(12) Using 2 workers of 2 for evacuation
[2025-02-01T08:14:08.384+0000][gc,phases     ] GC(12)   Pre Evacuate Collection Set: 0.0ms
[2025-02-01T08:14:08.384+0000][gc,phases     ] GC(12)   Evacuate Collection Set: 4.4ms
[2025-02-01T08:14:08.384+0000][gc,phases     ] GC(12)   Post Evacuate Collection Set: 0.3ms
[2025-02-01T08:14:08.384+0000][gc,phases     ] GC(12)   Other: 0.2ms
[2025-02-01T08:14:08.384+0000][gc,heap       ] GC(12) Eden regions: 48->0(58)
[2025-02-01T08:14:08.384+0000][gc,heap       ] GC(12) Survivor regions: 3->3(7)
[2025-02-01T08:14:08.384+0000][gc,heap       ] GC(12) Old regions: 13->13
[2025-02-01T08:14:08.384+0000][gc,heap       ] GC(12) Humongous regions: 129->129
[2025-02-01T08:14:08.384+0000][gc,metaspace  ] GC(12) Metaspace: 47153K->47153K(1091584K)
[2025-02-01T08:14:08.384+0000][gc            ] GC(12) Pause Young (Normal) (G1 Evacuation Pause) 192M->144M(1024M) 4.957ms
[2025-02-01T08:14:08.384+0000][gc,cpu        ] GC(12) User=0.01s Sys=0.00s Real=0.00s
[2025-02-01T08:15:01.005+0000][gc,start      ] GC(13) Pause Young (Normal) (G1 Evacuation Pause)
[2025-02-01T08:15:01.005+0000][gc,task       ] GC(13) Using 2 workers of 2 for evacuation
[2025-02-01T08:15:01.010+0000][gc,phases     ] GC(13)   Pre Evacuate Collection Set: 0.0ms
[2025-02-01T08:15:01.010+0000][gc,phases     ] GC(13)   Evacuate Collection Set: 4.9ms
[2025-02-01T08:15:01.010+0000][gc,phases     ] GC(13)   Post Evacuate Collection Set: 0.3ms
[2025-02-01T08:15:01.010+0000][gc,phases     ] GC(13)   Other: 0.2ms
[2025-02-01T08:15:01.010+0000][gc,heap       ] GC(13) Eden regions: 58->0(66)
[2025-02-01T08:15:01.010+0000][gc,heap       ] GC(13) Survivor regions: 3->3(8)
[2025-02-01T08:15:01.010+0000][gc,heap       ] GC(13) Old regions: 13->13
[2025-02-01T08:15:01.010+0000][gc,heap       ] GC(13) Humongous regions: 129->129
[2025-02-01T08:15:01.011+0000][gc,metaspace  ] GC(13) Metaspace: 47172K->47172K(1091584K)
[2025-02-01T08:15:01.011+0000][gc            ] GC(13) Pause Young (Normal) (G1 Evacuation Pause) 202M->144M(1024M) 5.482ms
[2025-02-01T08:15:01.011+0000][gc,cpu        ] GC(13) User=0.00s Sys=0.00s Real=0.01s
[2025-02-01T08:16:00.808+0000][gc,start      ] GC(14) Pause Young (Normal) (G1 Evacuation Pause)
[2025-02-01T08:16:00.808+0000][gc,task       ] GC(14) Using 2 workers of 2 for evacuation
[2025-02-01T08:16:00.813+0000][gc,phases     ] GC(14)   Pre Evacuate Collection Set: 0.1ms
[2025-02-01T08:16:00.813+0000][gc,phases     ] GC(14)   Evacuate Collection Set: 4.9ms
[2025-02-01T08:16:00.813+0000][gc,phases     ] GC(14)   Post Evacuate Collection Set: 0.2ms
[2025-02-01T08:16:00.813+0000][gc,phases     ] GC(14)   Other: 0.4ms
[2025-02-01T08:16:00.813+0000][gc,heap       ] GC(14) Eden regions: 66->0(76)
[2025-02-01T08:16:00.813+0000][gc,heap       ] GC(14) Survivor regions: 3->3(9)
[2025-02-01T08:16:00.813+0000][gc,heap       ] GC(14) Old regions: 13->13
[2025-02-01T08:16:00.813+0000][gc,heap       ] GC(14) Humongous regions: 129->129
[2025-02-01T08:16:00.813+0000][gc,metaspace  ] GC(14) Metaspace: 47213K->47213K(1091584K)
[2025-02-01T08:16:00.813+0000][gc            ] GC(14) Pause Young (Normal) (G1 Evacuation Pause) 210M->144M(1024M) 5.637ms
[2025-02-01T08:16:00.813+0000][gc,cpu        ] GC(14) User=0.01s Sys=0.00s Real=0.01s
[2025-02-01T08:17:09.882+0000][gc,start      ] GC(15) Pause Young (Normal) (G1 Evacuation Pause)
[2025-02-01T08:17:09.882+0000][gc,task       ] GC(15) Using 2 workers of 2 for evacuation
[2025-02-01T08:17:09.888+0000][gc,phases     ] GC(15)   Pre Evacuate Collection Set: 0.0ms
[2025-02-01T08:17:09.888+0000][gc,phases     ] GC(15)   Evacuate Collection Set: 5.3ms
[2025-02-01T08:17:09.888+0000][gc,phases     ] GC(15)   Post Evacuate Collection Set: 0.2ms
[2025-02-01T08:17:09.888+0000][gc,phases     ] GC(15)   Other: 0.2ms
[2025-02-01T08:17:09.888+0000][gc,heap       ] GC(15) Eden regions: 76->0(86)
[2025-02-01T08:17:09.888+0000][gc,heap       ] GC(15) Survivor regions: 3->3(10)
[2025-02-01T08:17:09.888+0000][gc,heap       ] GC(15) Old regions: 13->13
[2025-02-01T08:17:09.888+0000][gc,heap       ] GC(15) Humongous regions: 129->129
[2025-02-01T08:17:09.888+0000][gc,metaspace  ] GC(15) Metaspace: 47252K->47252K(1091584K)
[2025-02-01T08:17:09.888+0000][gc            ] GC(15) Pause Young (Normal) (G1 Evacuation Pause) 220M->144M(1024M) 5.832ms
[2025-02-01T08:17:09.888+0000][gc,cpu        ] GC(15) User=0.01s Sys=0.00s Real=0.00s
[2025-02-01T08:18:27.551+0000][gc,start      ] GC(16) Pause Young (Normal) (G1 Evacuation Pause)
[2025-02-01T08:18:27.551+0000][gc,task       ] GC(16) Using 2 workers of 2 for evacuation
[2025-02-01T08:18:27.560+0000][gc,phases     ] GC(16)   Pre Evacuate Collection Set: 0.0ms
[2025-02-01T08:18:27.560+0000][gc,phases     ] GC(16)   Evacuate Collection Set: 7.9ms
[2025-02-01T08:18:27.560+0000][gc,phases     ] GC(16)   Post Evacuate Collection Set: 0.3ms
[2025-02-01T08:18:27.560+0000][gc,phases     ] GC(16)   Other: 0.2ms
[2025-02-01T08:18:27.560+0000][gc,heap       ] GC(16) Eden regions: 86->0(96)
[2025-02-01T08:18:27.560+0000][gc,heap       ] GC(16) Survivor regions: 3->3(12)
[2025-02-01T08:18:27.560+0000][gc,heap       ] GC(16) Old regions: 13->13
[2025-02-01T08:18:27.560+0000][gc,heap       ] GC(16) Humongous regions: 129->129
[2025-02-01T08:18:27.560+0000][gc,metaspace  ] GC(16) Metaspace: 47317K->47317K(1091584K)
[2025-02-01T08:18:27.560+0000][gc            ] GC(16) Pause Young (Normal) (G1 Evacuation Pause) 230M->144M(1024M) 8.565ms
[2025-02-01T08:18:27.560+0000][gc,cpu        ] GC(16) User=0.01s Sys=0.00s Real=0.01s
[2025-02-01T08:19:54.430+0000][gc,start      ] GC(17) Pause Young (Normal) (G1 Evacuation Pause)
[2025-02-01T08:19:54.430+0000][gc,task       ] GC(17) Using 2 workers of 2 for evacuation
[2025-02-01T08:19:54.436+0000][gc,phases     ] GC(17)   Pre Evacuate Collection Set: 0.0ms
[2025-02-01T08:19:54.436+0000][gc,phases     ] GC(17)   Evacuate Collection Set: 5.3ms
[2025-02-01T08:19:54.436+0000][gc,phases     ] GC(17)   Post Evacuate Collection Set: 0.3ms
[2025-02-01T08:19:54.436+0000][gc,phases     ] GC(17)   Other: 0.2ms
[2025-02-01T08:19:54.436+0000][gc,heap       ] GC(17) Eden regions: 96->0(105)
[2025-02-01T08:19:54.436+0000][gc,heap       ] GC(17) Survivor regions: 3->3(13)
[2025-02-01T08:19:54.436+0000][gc,heap       ] GC(17) Old regions: 13->13
[2025-02-01T08:19:54.436+0000][gc,heap       ] GC(17) Humongous regions: 129->129
[2025-02-01T08:19:54.436+0000][gc,metaspace  ] GC(17) Metaspace: 47353K->47353K(1091584K)
[2025-02-01T08:19:54.436+0000][gc            ] GC(17) Pause Young (Normal) (G1 Evacuation Pause) 240M->144M(1024M) 5.943ms
[2025-02-01T08:19:54.436+0000][gc,cpu        ] GC(17) User=0.01s Sys=0.00s Real=0.00s
[2025-02-01T08:21:29.573+0000][gc,start      ] GC(18) Pause Young (Normal) (G1 Evacuation Pause)
[2025-02-01T08:21:29.574+0000][gc,task       ] GC(18) Using 2 workers of 2 for evacuation
[2025-02-01T08:21:29.580+0000][gc,phases     ] GC(18)   Pre Evacuate Collection Set: 0.0ms
[2025-02-01T08:21:29.580+0000][gc,phases     ] GC(18)   Evacuate Collection Set: 6.4ms
[2025-02-01T08:21:29.580+0000][gc,phases     ] GC(18)   Post Evacuate Collection Set: 0.3ms
[2025-02-01T08:21:29.580+0000][gc,phases     ] GC(18)   Other: 0.2ms
[2025-02-01T08:21:29.580+0000][gc,heap       ] GC(18) Eden regions: 105->0(117)
[2025-02-01T08:21:29.580+0000][gc,heap       ] GC(18) Survivor regions: 3->3(14)
[2025-02-01T08:21:29.580+0000][gc,heap       ] GC(18) Old regions: 13->13
[2025-02-01T08:21:29.580+0000][gc,heap       ] GC(18) Humongous regions: 129->129
[2025-02-01T08:21:29.580+0000][gc,metaspace  ] GC(18) Metaspace: 47405K->47405K(1091584K)
[2025-02-01T08:21:29.580+0000][gc            ] GC(18) Pause Young (Normal) (G1 Evacuation Pause) 249M->144M(1024M) 7.027ms
[2025-02-01T08:21:29.581+0000][gc,cpu        ] GC(18) User=0.01s Sys=0.00s Real=0.01s
[2025-02-01T08:23:15.984+0000][gc,start      ] GC(19) Pause Young (Normal) (G1 Evacuation Pause)
[2025-02-01T08:23:15.984+0000][gc,task       ] GC(19) Using 2 workers of 2 for evacuation
[2025-02-01T08:23:15.990+0000][gc,phases     ] GC(19)   Pre Evacuate Collection Set: 0.0ms
[2025-02-01T08:23:15.990+0000][gc,phases     ] GC(19)   Evacuate Collection Set: 6.0ms
[2025-02-01T08:23:15.990+0000][gc,phases     ] GC(19)   Post Evacuate Collection Set: 0.3ms
[2025-02-01T08:23:15.990+0000][gc,phases     ] GC(19)   Other: 0.2ms
[2025-02-01T08:23:15.990+0000][gc,heap       ] GC(19) Eden regions: 117->0(131)
[2025-02-01T08:23:15.990+0000][gc,heap       ] GC(19) Survivor regions: 3->3(15)
[2025-02-01T08:23:15.990+0000][gc,heap       ] GC(19) Old regions: 13->13
[2025-02-01T08:23:15.990+0000][gc,heap       ] GC(19) Humongous regions: 129->129
[2025-02-01T08:23:15.990+0000][gc,metaspace  ] GC(19) Metaspace: 47427K->47427K(1091584K)
[2025-02-01T08:23:15.990+0000][gc            ] GC(19) Pause Young (Normal) (G1 Evacuation Pause) 261M->144M(1024M) 6.634ms
[2025-02-01T08:23:15.990+0000][gc,cpu        ] GC(19) User=0.01s Sys=0.00s Real=0.01s
[2025-02-01T08:25:15.205+0000][gc,start      ] GC(20) Pause Young (Normal) (G1 Evacuation Pause)
[2025-02-01T08:25:15.205+0000][gc,task       ] GC(20) Using 2 workers of 2 for evacuation
[2025-02-01T08:25:15.211+0000][gc,phases     ] GC(20)   Pre Evacuate Collection Set: 0.0ms
[2025-02-01T08:25:15.211+0000][gc,phases     ] GC(20)   Evacuate Collection Set: 5.7ms
[2025-02-01T08:25:15.211+0000][gc,phases     ] GC(20)   Post Evacuate Collection Set: 0.3ms
[2025-02-01T08:25:15.211+0000][gc,phases     ] GC(20)   Other: 0.2ms
[2025-02-01T08:25:15.211+0000][gc,heap       ] GC(20) Eden regions: 131->0(141)
[2025-02-01T08:25:15.211+0000][gc,heap       ] GC(20) Survivor regions: 3->3(17)
[2025-02-01T08:25:15.211+0000][gc,heap       ] GC(20) Old regions: 13->13
[2025-02-01T08:25:15.211+0000][gc,heap       ] GC(20) Humongous regions: 129->129
[2025-02-01T08:25:15.211+0000][gc,metaspace  ] GC(20) Metaspace: 47467K->47467K(1091584K)
[2025-02-01T08:25:15.211+0000][gc            ] GC(20) Pause Young (Normal) (G1 Evacuation Pause) 275M->144M(1024M) 6.337ms
[2025-02-01T08:25:15.211+0000][gc,cpu        ] GC(20) User=0.01s Sys=0.01s Real=0.01s
[2025-02-01T08:27:23.927+0000][gc,start      ] GC(21) Pause Young (Normal) (G1 Evacuation Pause)
[2025-02-01T08:27:23.927+0000][gc,task       ] GC(21) Using 2 workers of 2 for evacuation
[2025-02-01T08:27:23.934+0000][gc,phases     ] GC(21)   Pre Evacuate Collection Set: 0.0ms
[2025-02-01T08:27:23.934+0000][gc,phases     ] GC(21)   Evacuate Collection Set: 6.2ms
[2025-02-01T08:27:23.934+0000][gc,phases     ] GC(21)   Post Evacuate Collection Set: 0.2ms
[2025-02-01T08:27:23.934+0000][gc,phases     ] GC(21)   Other: 0.2ms
[2025-02-01T08:27:23.934+0000][gc,heap       ] GC(21) Eden regions: 141->0(153)
[2025-02-01T08:27:23.934+0000][gc,heap       ] GC(21) Survivor regions: 3->2(18)
[2025-02-01T08:27:23.934+0000][gc,heap       ] GC(21) Old regions: 13->15
[2025-02-01T08:27:23.934+0000][gc,heap       ] GC(21) Humongous regions: 129->129
[2025-02-01T08:27:23.934+0000][gc,metaspace  ] GC(21) Metaspace: 47489K->47489K(1091584K)
[2025-02-01T08:27:23.934+0000][gc            ] GC(21) Pause Young (Normal) (G1 Evacuation Pause) 285M->144M(1024M) 6.691ms
[2025-02-01T08:27:23.934+0000][gc,cpu        ] GC(21) User=0.01s Sys=0.00s Real=0.01s
[2025-02-01T08:29:43.193+0000][gc,start      ] GC(22) Pause Young (Normal) (G1 Evacuation Pause)
[2025-02-01T08:29:43.193+0000][gc,task       ] GC(22) Using 2 workers of 2 for evacuation
[2025-02-01T08:29:43.197+0000][gc,phases     ] GC(22)   Pre Evacuate Collection Set: 0.0ms
[2025-02-01T08:29:43.197+0000][gc,phases     ] GC(22)   Evacuate Collection Set: 3.5ms
[2025-02-01T08:29:43.197+0000][gc,phases     ] GC(22)   Post Evacuate Collection Set: 0.3ms
[2025-02-01T08:29:43.197+0000][gc,phases     ] GC(22)   Other: 0.2ms
[2025-02-01T08:29:43.197+0000][gc,heap       ] GC(22) Eden regions: 153->0(181)
[2025-02-01T08:29:43.197+0000][gc,heap       ] GC(22) Survivor regions: 2->2(20)
[2025-02-01T08:29:43.197+0000][gc,heap       ] GC(22) Old regions: 15->15
[2025-02-01T08:29:43.197+0000][gc,heap       ] GC(22) Humongous regions: 129->129
[2025-02-01T08:29:43.197+0000][gc,metaspace  ] GC(22) Metaspace: 47541K->47541K(1091584K)
[2025-02-01T08:29:43.197+0000][gc            ] GC(22) Pause Young (Normal) (G1 Evacuation Pause) 297M->144M(1024M) 4.069ms
[2025-02-01T08:29:43.197+0000][gc,cpu        ] GC(22) User=0.00s Sys=0.00s Real=0.01s
[2025-02-01T08:32:27.489+0000][gc,start      ] GC(23) Pause Young (Normal) (G1 Evacuation Pause)
[2025-02-01T08:32:27.489+0000][gc,task       ] GC(23) Using 2 workers of 2 for evacuation
[2025-02-01T08:32:27.493+0000][gc,phases     ] GC(23)   Pre Evacuate Collection Set: 0.0ms
[2025-02-01T08:32:27.493+0000][gc,phases     ] GC(23)   Evacuate Collection Set: 3.8ms
[2025-02-01T08:32:27.493+0000][gc,phases     ] GC(23)   Post Evacuate Collection Set: 0.3ms
[2025-02-01T08:32:27.493+0000][gc,phases     ] GC(23)   Other: 0.2ms
[2025-02-01T08:32:27.493+0000][gc,heap       ] GC(23) Eden regions: 181->0(206)
[2025-02-01T08:32:27.493+0000][gc,heap       ] GC(23) Survivor regions: 2->2(23)
[2025-02-01T08:32:27.493+0000][gc,heap       ] GC(23) Old regions: 15->15
[2025-02-01T08:32:27.493+0000][gc,heap       ] GC(23) Humongous regions: 129->129
[2025-02-01T08:32:27.493+0000][gc,metaspace  ] GC(23) Metaspace: 47578K->47578K(1091584K)
[2025-02-01T08:32:27.493+0000][gc            ] GC(23) Pause Young (Normal) (G1 Evacuation Pause) 325M->144M(1024M) 4.419ms
[2025-02-01T08:32:27.493+0000][gc,cpu        ] GC(23) User=0.00s Sys=0.00s Real=0.01s
[2025-02-01T08:35:33.751+0000][gc,start      ] GC(24) Pause Young (Normal) (G1 Evacuation Pause)
[2025-02-01T08:35:33.751+0000][gc,task       ] GC(24) Using 2 workers of 2 for evacuation
[2025-02-01T08:35:33.756+0000][gc,phases     ] GC(24)   Pre Evacuate Collection Set: 0.0ms
[2025-02-01T08:35:33.756+0000][gc,phases     ] GC(24)   Evacuate Collection Set: 4.1ms
[2025-02-01T08:35:33.756+0000][gc,phases     ] GC(24)   Post Evacuate Collection Set: 0.3ms
[2025-02-01T08:35:33.756+0000][gc,phases     ] GC(24)   Other: 0.2ms
[2025-02-01T08:35:33.756+0000][gc,heap       ] GC(24) Eden regions: 206->0(250)
[2025-02-01T08:35:33.756+0000][gc,heap       ] GC(24) Survivor regions: 2->2(26)
[2025-02-01T08:35:33.756+0000][gc,heap       ] GC(24) Old regions: 15->15
[2025-02-01T08:35:33.756+0000][gc,heap       ] GC(24) Humongous regions: 129->129
[2025-02-01T08:35:33.756+0000][gc,metaspace  ] GC(24) Metaspace: 47607K->47607K(1091584K)
[2025-02-01T08:35:33.756+0000][gc            ] GC(24) Pause Young (Normal) (G1 Evacuation Pause) 350M->145M(1024M) 4.776ms
[2025-02-01T08:35:33.756+0000][gc,cpu        ] GC(24) User=0.00s Sys=0.00s Real=0.00s
[2025-02-01T08:39:20.129+0000][gc,start      ] GC(25) Pause Young (Normal) (G1 Evacuation Pause)
[2025-02-01T08:39:20.129+0000][gc,task       ] GC(25) Using 2 workers of 2 for evacuation
[2025-02-01T08:39:20.134+0000][gc,phases     ] GC(25)   Pre Evacuate Collection Set: 0.0ms
[2025-02-01T08:39:20.134+0000][gc,phases     ] GC(25)   Evacuate Collection Set: 4.3ms
[2025-02-01T08:39:20.134+0000][gc,phases     ] GC(25)   Post Evacuate Collection Set: 0.5ms
[2025-02-01T08:39:20.134+0000][gc,phases     ] GC(25)   Other: 0.2ms
[2025-02-01T08:39:20.134+0000][gc,heap       ] GC(25) Eden regions: 250->0(261)
[2025-02-01T08:39:20.134+0000][gc,heap       ] GC(25) Survivor regions: 2->2(32)
[2025-02-01T08:39:20.134+0000][gc,heap       ] GC(25) Old regions: 15->15
[2025-02-01T08:39:20.134+0000][gc,heap       ] GC(25) Humongous regions: 129->129
[2025-02-01T08:39:20.134+0000][gc,metaspace  ] GC(25) Metaspace: 47652K->47652K(1093632K)
[2025-02-01T08:39:20.134+0000][gc            ] GC(25) Pause Young (Normal) (G1 Evacuation Pause) 395M->145M(1024M) 5.081ms
[2025-02-01T08:39:20.134+0000][gc,cpu        ] GC(25) User=0.00s Sys=0.00s Real=0.00s
[2025-02-01T08:43:16.615+0000][gc,start      ] GC(26) Pause Young (Normal) (G1 Evacuation Pause)
[2025-02-01T08:43:16.615+0000][gc,task       ] GC(26) Using 2 workers of 2 for evacuation
[2025-02-01T08:43:16.620+0000][gc,phases     ] GC(26)   Pre Evacuate Collection Set: 0.0ms
[2025-02-01T08:43:16.620+0000][gc,phases     ] GC(26)   Evacuate Collection Set: 4.3ms
[2025-02-01T08:43:16.620+0000][gc,phases     ] GC(26)   Post Evacuate Collection Set: 0.3ms
[2025-02-01T08:43:16.620+0000][gc,phases     ] GC(26)   Other: 0.4ms
[2025-02-01T08:43:16.620+0000][gc,heap       ] GC(26) Eden regions: 261->0(287)
[2025-02-01T08:43:16.620+0000][gc,heap       ] GC(26) Survivor regions: 2->2(33)
[2025-02-01T08:43:16.620+0000][gc,heap       ] GC(26) Old regions: 15->15
[2025-02-01T08:43:16.620+0000][gc,heap       ] GC(26) Humongous regions: 129->129
[2025-02-01T08:43:16.620+0000][gc,metaspace  ] GC(26) Metaspace: 47683K->47683K(1093632K)
[2025-02-01T08:43:16.620+0000][gc            ] GC(26) Pause Young (Normal) (G1 Evacuation Pause) 406M->145M(1024M) 5.113ms
[2025-02-01T08:43:16.620+0000][gc,cpu        ] GC(26) User=0.00s Sys=0.00s Real=0.01s
[2025-02-01T08:47:36.391+0000][gc,start      ] GC(27) Pause Young (Normal) (G1 Evacuation Pause)
[2025-02-01T08:47:36.391+0000][gc,task       ] GC(27) Using 2 workers of 2 for evacuation
[2025-02-01T08:47:36.397+0000][gc,phases     ] GC(27)   Pre Evacuate Collection Set: 0.0ms
[2025-02-01T08:47:36.397+0000][gc,phases     ] GC(27)   Evacuate Collection Set: 5.0ms
[2025-02-01T08:47:36.397+0000][gc,phases     ] GC(27)   Post Evacuate Collection Set: 0.5ms
[2025-02-01T08:47:36.397+0000][gc,phases     ] GC(27)   Other: 0.2ms
[2025-02-01T08:47:36.397+0000][gc,heap       ] GC(27) Eden regions: 287->0(293)
[2025-02-01T08:47:36.397+0000][gc,heap       ] GC(27) Survivor regions: 2->2(37)
[2025-02-01T08:47:36.397+0000][gc,heap       ] GC(27) Old regions: 15->15
[2025-02-01T08:47:36.397+0000][gc,heap       ] GC(27) Humongous regions: 129->129
[2025-02-01T08:47:36.397+0000][gc,metaspace  ] GC(27) Metaspace: 47775K->47775K(1093632K)
[2025-02-01T08:47:36.397+0000][gc            ] GC(27) Pause Young (Normal) (G1 Evacuation Pause) 432M->145M(1024M) 5.826ms
[2025-02-01T08:47:36.397+0000][gc,cpu        ] GC(27) User=0.01s Sys=0.00s Real=0.00s
[2025-02-01T08:52:00.205+0000][gc,start      ] GC(28) Pause Young (Normal) (G1 Evacuation Pause)
[2025-02-01T08:52:00.205+0000][gc,task       ] GC(28) Using 2 workers of 2 for evacuation
[2025-02-01T08:52:00.211+0000][gc,phases     ] GC(28)   Pre Evacuate Collection Set: 0.0ms
[2025-02-01T08:52:00.211+0000][gc,phases     ] GC(28)   Evacuate Collection Set: 5.0ms
[2025-02-01T08:52:00.211+0000][gc,phases     ] GC(28)   Post Evacuate Collection Set: 0.4ms
[2025-02-01T08:52:00.211+0000][gc,phases     ] GC(28)   Other: 0.2ms
[2025-02-01T08:52:00.211+0000][gc,heap       ] GC(28) Eden regions: 293->0(302)
[2025-02-01T08:52:00.211+0000][gc,heap       ] GC(28) Survivor regions: 2->2(37)
[2025-02-01T08:52:00.211+0000][gc,heap       ] GC(28) Old regions: 15->15
[2025-02-01T08:52:00.211+0000][gc,heap       ] GC(28) Humongous regions: 129->129
[2025-02-01T08:52:00.211+0000][gc,metaspace  ] GC(28) Metaspace: 47812K->47812K(1093632K)
[2025-02-01T08:52:00.211+0000][gc            ] GC(28) Pause Young (Normal) (G1 Evacuation Pause) 438M->145M(1024M) 5.799ms
[2025-02-01T08:52:00.211+0000][gc,cpu        ] GC(28) User=0.01s Sys=0.00s Real=0.01s
[2025-02-01T08:56:32.873+0000][gc,start      ] GC(29) Pause Young (Normal) (G1 Evacuation Pause)
[2025-02-01T08:56:32.873+0000][gc,task       ] GC(29) Using 2 workers of 2 for evacuation
[2025-02-01T08:56:32.879+0000][gc,phases     ] GC(29)   Pre Evacuate Collection Set: 0.0ms
[2025-02-01T08:56:32.879+0000][gc,phases     ] GC(29)   Evacuate Collection Set: 5.5ms
[2025-02-01T08:56:32.879+0000][gc,phases     ] GC(29)   Post Evacuate Collection Set: 0.4ms
[2025-02-01T08:56:32.879+0000][gc,phases     ] GC(29)   Other: 0.2ms
[2025-02-01T08:56:32.879+0000][gc,heap       ] GC(29) Eden regions: 302->0(308)
[2025-02-01T08:56:32.879+0000][gc,heap       ] GC(29) Survivor regions: 2->3(38)
[2025-02-01T08:56:32.879+0000][gc,heap       ] GC(29) Old regions: 15->15
[2025-02-01T08:56:32.879+0000][gc,heap       ] GC(29) Humongous regions: 129->129
[2025-02-01T08:56:32.879+0000][gc,metaspace  ] GC(29) Metaspace: 47862K->47862K(1093632K)
[2025-02-01T08:56:32.879+0000][gc            ] GC(29) Pause Young (Normal) (G1 Evacuation Pause) 447M->146M(1024M) 6.167ms
[2025-02-01T08:56:32.879+0000][gc,cpu        ] GC(29) User=0.01s Sys=0.00s Real=0.01s
[2025-02-01T09:01:09.215+0000][gc,start      ] GC(30) Pause Young (Normal) (G1 Evacuation Pause)
[2025-02-01T09:01:09.215+0000][gc,task       ] GC(30) Using 2 workers of 2 for evacuation
[2025-02-01T09:01:09.224+0000][gc,phases     ] GC(30)   Pre Evacuate Collection Set: 0.0ms
[2025-02-01T09:01:09.224+0000][gc,phases     ] GC(30)   Evacuate Collection Set: 8.1ms
[2025-02-01T09:01:09.224+0000][gc,phases     ] GC(30)   Post Evacuate Collection Set: 0.5ms
[2025-02-01T09:01:09.224+0000][gc,phases     ] GC(30)   Other: 0.3ms
[2025-02-01T09:01:09.224+0000][gc,heap       ] GC(30) Eden regions: 308->0(610)
[2025-02-01T09:01:09.224+0000][gc,heap       ] GC(30) Survivor regions: 3->4(39)
[2025-02-01T09:01:09.224+0000][gc,heap       ] GC(30) Old regions: 15->15
[2025-02-01T09:01:09.224+0000][gc,heap       ] GC(30) Humongous regions: 129->129
[2025-02-01T09:01:09.224+0000][gc,metaspace  ] GC(30) Metaspace: 48074K->48074K(1093632K)
[2025-02-01T09:01:09.224+0000][gc            ] GC(30) Pause Young (Normal) (G1 Evacuation Pause) 454M->147M(1024M) 8.980ms
[2025-02-01T09:01:09.224+0000][gc,cpu        ] GC(30) User=0.00s Sys=0.02s Real=0.01s
[2025-02-01T09:10:21.503+0000][gc,start      ] GC(31) Pause Young (Normal) (G1 Evacuation Pause)
[2025-02-01T09:10:21.503+0000][gc,task       ] GC(31) Using 2 workers of 2 for evacuation
[2025-02-01T09:10:21.513+0000][gc,phases     ] GC(31)   Pre Evacuate Collection Set: 0.0ms
[2025-02-01T09:10:21.513+0000][gc,phases     ] GC(31)   Evacuate Collection Set: 9.4ms
[2025-02-01T09:10:21.513+0000][gc,phases     ] GC(31)   Post Evacuate Collection Set: 0.6ms
[2025-02-01T09:10:21.513+0000][gc,phases     ] GC(31)   Other: 0.3ms
[2025-02-01T09:10:21.513+0000][gc,heap       ] GC(31) Eden regions: 610->0(610)
[2025-02-01T09:10:21.513+0000][gc,heap       ] GC(31) Survivor regions: 4->4(77)
[2025-02-01T09:10:21.513+0000][gc,heap       ] GC(31) Old regions: 15->15
[2025-02-01T09:10:21.513+0000][gc,heap       ] GC(31) Humongous regions: 129->129
[2025-02-01T09:10:21.513+0000][gc,metaspace  ] GC(31) Metaspace: 48147K->48147K(1093632K)
[2025-02-01T09:10:21.513+0000][gc            ] GC(31) Pause Young (Normal) (G1 Evacuation Pause) 757M->147M(1024M) 10.328ms
[2025-02-01T09:10:21.513+0000][gc,cpu        ] GC(31) User=0.02s Sys=0.00s Real=0.01s
[2025-02-01T09:19:32.581+0000][gc,start      ] GC(32) Pause Young (Normal) (G1 Evacuation Pause)
[2025-02-01T09:19:32.581+0000][gc,task       ] GC(32) Using 2 workers of 2 for evacuation
[2025-02-01T09:19:32.590+0000][gc,phases     ] GC(32)   Pre Evacuate Collection Set: 0.0ms
[2025-02-01T09:19:32.590+0000][gc,phases     ] GC(32)   Evacuate Collection Set: 8.9ms
[2025-02-01T09:19:32.590+0000][gc,phases     ] GC(32)   Post Evacuate Collection Set: 0.5ms
[2025-02-01T09:19:32.590+0000][gc,phases     ] GC(32)   Other: 0.2ms
[2025-02-01T09:19:32.590+0000][gc,heap       ] GC(32) Eden regions: 610->0(609)
[2025-02-01T09:19:32.590+0000][gc,heap       ] GC(32) Survivor regions: 4->5(77)
[2025-02-01T09:19:32.590+0000][gc,heap       ] GC(32) Old regions: 15->15
[2025-02-01T09:19:32.590+0000][gc,heap       ] GC(32) Humongous regions: 129->129
[2025-02-01T09:19:32.590+0000][gc,metaspace  ] GC(32) Metaspace: 48212K->48212K(1093632K)
[2025-02-01T09:19:32.590+0000][gc            ] GC(32) Pause Young (Normal) (G1 Evacuation Pause) 757M->148M(1024M) 9.757ms
[2025-02-01T09:19:32.590+0000][gc,cpu        ] GC(32) User=0.01s Sys=0.00s Real=0.01s
[2025-02-01T09:28:43.311+0000][gc,start      ] GC(33) Pause Young (Normal) (G1 Evacuation Pause)
[2025-02-01T09:28:43.311+0000][gc,task       ] GC(33) Using 2 workers of 2 for evacuation
[2025-02-01T09:28:43.320+0000][gc,phases     ] GC(33)   Pre Evacuate Collection Set: 0.0ms
[2025-02-01T09:28:43.320+0000][gc,phases     ] GC(33)   Evacuate Collection Set: 8.1ms
[2025-02-01T09:28:43.320+0000][gc,phases     ] GC(33)   Post Evacuate Collection Set: 0.5ms
[2025-02-01T09:28:43.320+0000][gc,phases     ] GC(33)   Other: 0.3ms
[2025-02-01T09:28:43.320+0000][gc,heap       ] GC(33) Eden regions: 609->0(609)
[2025-02-01T09:28:43.320+0000][gc,heap       ] GC(33) Survivor regions: 5->5(77)
[2025-02-01T09:28:43.320+0000][gc,heap       ] GC(33) Old regions: 15->15
[2025-02-01T09:28:43.320+0000][gc,heap       ] GC(33) Humongous regions: 129->129
[2025-02-01T09:28:43.320+0000][gc,metaspace  ] GC(33) Metaspace: 48230K->48230K(1093632K)
[2025-02-01T09:28:43.320+0000][gc            ] GC(33) Pause Young (Normal) (G1 Evacuation Pause) 757M->148M(1024M) 8.937ms
[2025-02-01T09:28:43.320+0000][gc,cpu        ] GC(33) User=0.01s Sys=0.01s Real=0.01s
[2025-02-01T09:37:54.304+0000][gc,start      ] GC(34) Pause Young (Normal) (G1 Evacuation Pause)
[2025-02-01T09:37:54.304+0000][gc,task       ] GC(34) Using 2 workers of 2 for evacuation
[2025-02-01T09:37:54.313+0000][gc,phases     ] GC(34)   Pre Evacuate Collection Set: 0.0ms
[2025-02-01T09:37:54.313+0000][gc,phases     ] GC(34)   Evacuate Collection Set: 8.4ms
[2025-02-01T09:37:54.313+0000][gc,phases     ] GC(34)   Post Evacuate Collection Set: 0.5ms
[2025-02-01T09:37:54.313+0000][gc,phases     ] GC(34)   Other: 0.2ms
[2025-02-01T09:37:54.313+0000][gc,heap       ] GC(34) Eden regions: 609->0(609)
[2025-02-01T09:37:54.313+0000][gc,heap       ] GC(34) Survivor regions: 5->5(77)
[2025-02-01T09:37:54.313+0000][gc,heap       ] GC(34) Old regions: 15->16
[2025-02-01T09:37:54.313+0000][gc,heap       ] GC(34) Humongous regions: 129->129
[2025-02-01T09:37:54.313+0000][gc,metaspace  ] GC(34) Metaspace: 48252K->48252K(1093632K)
[2025-02-01T09:37:54.313+0000][gc            ] GC(34) Pause Young (Normal) (G1 Evacuation Pause) 757M->148M(1024M) 9.258ms
[2025-02-01T09:37:54.313+0000][gc,cpu        ] GC(34) User=0.02s Sys=0.00s Real=0.01s
[2025-02-01T09:47:03.182+0000][gc,start      ] GC(35) Pause Young (Normal) (G1 Evacuation Pause)
[2025-02-01T09:47:03.182+0000][gc,task       ] GC(35) Using 2 workers of 2 for evacuation
[2025-02-01T09:47:03.192+0000][gc,phases     ] GC(35)   Pre Evacuate Collection Set: 0.0ms
[2025-02-01T09:47:03.192+0000][gc,phases     ] GC(35)   Evacuate Collection Set: 8.6ms
[2025-02-01T09:47:03.192+0000][gc,phases     ] GC(35)   Post Evacuate Collection Set: 0.5ms
[2025-02-01T09:47:03.192+0000][gc,phases     ] GC(35)   Other: 0.4ms
[2025-02-01T09:47:03.192+0000][gc,heap       ] GC(35) Eden regions: 609->0(609)
[2025-02-01T09:47:03.192+0000][gc,heap       ] GC(35) Survivor regions: 5->5(77)
[2025-02-01T09:47:03.192+0000][gc,heap       ] GC(35) Old regions: 16->16
[2025-02-01T09:47:03.192+0000][gc,heap       ] GC(35) Humongous regions: 129->129
[2025-02-01T09:47:03.192+0000][gc,metaspace  ] GC(35) Metaspace: 48288K->48288K(1093632K)
[2025-02-01T09:47:03.192+0000][gc            ] GC(35) Pause Young (Normal) (G1 Evacuation Pause) 757M->148M(1024M) 9.549ms
[2025-02-01T09:47:03.192+0000][gc,cpu        ] GC(35) User=0.01s Sys=0.00s Real=0.01s
[2025-02-01T09:56:13.499+0000][gc,start      ] GC(36) Pause Young (Normal) (G1 Evacuation Pause)
[2025-02-01T09:56:13.499+0000][gc,task       ] GC(36) Using 2 workers of 2 for evacuation
[2025-02-01T09:56:13.511+0000][gc,phases     ] GC(36)   Pre Evacuate Collection Set: 0.0ms
[2025-02-01T09:56:13.511+0000][gc,phases     ] GC(36)   Evacuate Collection Set: 11.6ms
[2025-02-01T09:56:13.511+0000][gc,phases     ] GC(36)   Post Evacuate Collection Set: 0.5ms
[2025-02-01T09:56:13.511+0000][gc,phases     ] GC(36)   Other: 0.2ms
[2025-02-01T09:56:13.511+0000][gc,heap       ] GC(36) Eden regions: 609->0(609)
[2025-02-01T09:56:13.511+0000][gc,heap       ] GC(36) Survivor regions: 5->5(77)
[2025-02-01T09:56:13.511+0000][gc,heap       ] GC(36) Old regions: 16->16
[2025-02-01T09:56:13.511+0000][gc,heap       ] GC(36) Humongous regions: 129->129
[2025-02-01T09:56:13.511+0000][gc,metaspace  ] GC(36) Metaspace: 48321K->48321K(1093632K)
[2025-02-01T09:56:13.511+0000][gc            ] GC(36) Pause Young (Normal) (G1 Evacuation Pause) 757M->148M(1024M) 12.351ms
[2025-02-01T09:56:13.511+0000][gc,cpu        ] GC(36) User=0.02s Sys=0.00s Real=0.01s
[2025-02-01T10:05:20.159+0000][gc,start      ] GC(37) Pause Young (Normal) (G1 Evacuation Pause)
[2025-02-01T10:05:20.159+0000][gc,task       ] GC(37) Using 2 workers of 2 for evacuation
[2025-02-01T10:05:20.169+0000][gc,phases     ] GC(37)   Pre Evacuate Collection Set: 0.0ms
[2025-02-01T10:05:20.169+0000][gc,phases     ] GC(37)   Evacuate Collection Set: 8.7ms
[2025-02-01T10:05:20.169+0000][gc,phases     ] GC(37)   Post Evacuate Collection Set: 0.5ms
[2025-02-01T10:05:20.169+0000][gc,phases     ] GC(37)   Other: 0.2ms
[2025-02-01T10:05:20.169+0000][gc,heap       ] GC(37) Eden regions: 609->0(609)
[2025-02-01T10:05:20.169+0000][gc,heap       ] GC(37) Survivor regions: 5->5(77)
[2025-02-01T10:05:20.169+0000][gc,heap       ] GC(37) Old regions: 16->16
[2025-02-01T10:05:20.169+0000][gc,heap       ] GC(37) Humongous regions: 129->129
[2025-02-01T10:05:20.169+0000][gc,metaspace  ] GC(37) Metaspace: 48337K->48337K(1093632K)
[2025-02-01T10:05:20.169+0000][gc            ] GC(37) Pause Young (Normal) (G1 Evacuation Pause) 757M->149M(1024M) 9.504ms
[2025-02-01T10:05:20.169+0000][gc,cpu        ] GC(37) User=0.01s Sys=0.00s Real=0.00s
[2025-02-01T10:14:32.207+0000][gc,start      ] GC(38) Pause Young (Normal) (G1 Evacuation Pause)
[2025-02-01T10:14:32.207+0000][gc,task       ] GC(38) Using 2 workers of 2 for evacuation
[2025-02-01T10:14:32.217+0000][gc,phases     ] GC(38)   Pre Evacuate Collection Set: 0.0ms
[2025-02-01T10:14:32.217+0000][gc,phases     ] GC(38)   Evacuate Collection Set: 8.9ms
[2025-02-01T10:14:32.217+0000][gc,phases     ] GC(38)   Post Evacuate Collection Set: 0.5ms
[2025-02-01T10:14:32.217+0000][gc,phases     ] GC(38)   Other: 0.2ms
[2025-02-01T10:14:32.217+0000][gc,heap       ] GC(38) Eden regions: 609->0(609)
[2025-02-01T10:14:32.217+0000][gc,heap       ] GC(38) Survivor regions: 5->5(77)
[2025-02-01T10:14:32.217+0000][gc,heap       ] GC(38) Old regions: 16->16
[2025-02-01T10:14:32.217+0000][gc,heap       ] GC(38) Humongous regions: 129->129
[2025-02-01T10:14:32.217+0000][gc,metaspace  ] GC(38) Metaspace: 48356K->48356K(1093632K)
[2025-02-01T10:14:32.217+0000][gc            ] GC(38) Pause Young (Normal) (G1 Evacuation Pause) 758M->149M(1024M) 9.751ms
[2025-02-01T10:14:32.217+0000][gc,cpu        ] GC(38) User=0.02s Sys=0.00s Real=0.02s
[2025-02-01T10:23:41.742+0000][gc,start      ] GC(39) Pause Young (Normal) (G1 Evacuation Pause)
[2025-02-01T10:23:41.742+0000][gc,task       ] GC(39) Using 2 workers of 2 for evacuation
[2025-02-01T10:23:41.751+0000][gc,phases     ] GC(39)   Pre Evacuate Collection Set: 0.0ms
[2025-02-01T10:23:41.751+0000][gc,phases     ] GC(39)   Evacuate Collection Set: 8.8ms
[2025-02-01T10:23:41.751+0000][gc,phases     ] GC(39)   Post Evacuate Collection Set: 0.5ms
[2025-02-01T10:23:41.751+0000][gc,phases     ] GC(39)   Other: 0.2ms
[2025-02-01T10:23:41.751+0000][gc,heap       ] GC(39) Eden regions: 609->0(609)
[2025-02-01T10:23:41.751+0000][gc,heap       ] GC(39) Survivor regions: 5->5(77)
[2025-02-01T10:23:41.751+0000][gc,heap       ] GC(39) Old regions: 16->16
[2025-02-01T10:23:41.751+0000][gc,heap       ] GC(39) Humongous regions: 129->129
[2025-02-01T10:23:41.751+0000][gc,metaspace  ] GC(39) Metaspace: 48370K->48370K(1093632K)
[2025-02-01T10:23:41.751+0000][gc            ] GC(39) Pause Young (Normal) (G1 Evacuation Pause) 758M->149M(1024M) 9.612ms
[2025-02-01T10:23:41.751+0000][gc,cpu        ] GC(39) User=0.02s Sys=0.00s Real=0.01s
[2025-02-01T10:32:50.648+0000][gc,start      ] GC(40) Pause Young (Normal) (G1 Evacuation Pause)
[2025-02-01T10:32:50.648+0000][gc,task       ] GC(40) Using 2 workers of 2 for evacuation
[2025-02-01T10:32:50.658+0000][gc,phases     ] GC(40)   Pre Evacuate Collection Set: 0.0ms
[2025-02-01T10:32:50.658+0000][gc,phases     ] GC(40)   Evacuate Collection Set: 8.8ms
[2025-02-01T10:32:50.658+0000][gc,phases     ] GC(40)   Post Evacuate Collection Set: 0.5ms
[2025-02-01T10:32:50.658+0000][gc,phases     ] GC(40)   Other: 0.2ms
[2025-02-01T10:32:50.658+0000][gc,heap       ] GC(40) Eden regions: 609->0(609)
[2025-02-01T10:32:50.658+0000][gc,heap       ] GC(40) Survivor regions: 5->5(77)
[2025-02-01T10:32:50.658+0000][gc,heap       ] GC(40) Old regions: 16->16
[2025-02-01T10:32:50.658+0000][gc,heap       ] GC(40) Humongous regions: 129->129
[2025-02-01T10:32:50.658+0000][gc,metaspace  ] GC(40) Metaspace: 48372K->48372K(1093632K)
[2025-02-01T10:32:50.658+0000][gc            ] GC(40) Pause Young (Normal) (G1 Evacuation Pause) 758M->149M(1024M) 9.666ms
[2025-02-01T10:32:50.658+0000][gc,cpu        ] GC(40) User=0.01s Sys=0.00s Real=0.02s
[2025-02-01T10:41:59.216+0000][gc,start      ] GC(41) Pause Young (Normal) (G1 Evacuation Pause)
[2025-02-01T10:41:59.217+0000][gc,task       ] GC(41) Using 2 workers of 2 for evacuation
[2025-02-01T10:41:59.226+0000][gc,phases     ] GC(41)   Pre Evacuate Collection Set: 0.0ms
[2025-02-01T10:41:59.226+0000][gc,phases     ] GC(41)   Evacuate Collection Set: 8.4ms
[2025-02-01T10:41:59.226+0000][gc,phases     ] GC(41)   Post Evacuate Collection Set: 0.4ms
[2025-02-01T10:41:59.226+0000][gc,phases     ] GC(41)   Other: 0.2ms
[2025-02-01T10:41:59.226+0000][gc,heap       ] GC(41) Eden regions: 609->0(610)
[2025-02-01T10:41:59.226+0000][gc,heap       ] GC(41) Survivor regions: 5->4(77)
[2025-02-01T10:41:59.226+0000][gc,heap       ] GC(41) Old regions: 16->16
[2025-02-01T10:41:59.226+0000][gc,heap       ] GC(41) Humongous regions: 129->129
[2025-02-01T10:41:59.226+0000][gc,metaspace  ] GC(41) Metaspace: 48376K->48376K(1093632K)
[2025-02-01T10:41:59.226+0000][gc            ] GC(41) Pause Young (Normal) (G1 Evacuation Pause) 758M->148M(1024M) 9.128ms
[2025-02-01T10:41:59.226+0000][gc,cpu        ] GC(41) User=0.02s Sys=0.00s Real=0.01s
[2025-02-01T10:51:10.205+0000][gc,start      ] GC(42) Pause Young (Normal) (G1 Evacuation Pause)
[2025-02-01T10:51:10.205+0000][gc,task       ] GC(42) Using 2 workers of 2 for evacuation
[2025-02-01T10:51:10.214+0000][gc,phases     ] GC(42)   Pre Evacuate Collection Set: 0.0ms
[2025-02-01T10:51:10.214+0000][gc,phases     ] GC(42)   Evacuate Collection Set: 8.4ms
[2025-02-01T10:51:10.214+0000][gc,phases     ] GC(42)   Post Evacuate Collection Set: 0.5ms
[2025-02-01T10:51:10.214+0000][gc,phases     ] GC(42)   Other: 0.2ms
[2025-02-01T10:51:10.214+0000][gc,heap       ] GC(42) Eden regions: 610->0(610)
[2025-02-01T10:51:10.214+0000][gc,heap       ] GC(42) Survivor regions: 4->4(77)
[2025-02-01T10:51:10.214+0000][gc,heap       ] GC(42) Old regions: 16->17
[2025-02-01T10:51:10.214+0000][gc,heap       ] GC(42) Humongous regions: 129->129
[2025-02-01T10:51:10.214+0000][gc,metaspace  ] GC(42) Metaspace: 48378K->48378K(1093632K)
[2025-02-01T10:51:10.214+0000][gc            ] GC(42) Pause Young (Normal) (G1 Evacuation Pause) 758M->149M(1024M) 9.228ms
[2025-02-01T10:51:10.214+0000][gc,cpu        ] GC(42) User=0.02s Sys=0.00s Real=0.01s
