[2025-01-29T20:06:51.827+0000][gc,heap] Heap region size: 1M
[2025-01-29T20:06:51.836+0000][gc     ] Using G1
[2025-01-29T20:06:51.836+0000][gc,heap,coops] Heap address: 0x00000000c0000000, size: 1024 MB, Compressed Oops mode: 32-bit
[2025-01-29T20:06:51.837+0000][gc,cds       ] Mark closed archive regions in map: [0x00000000fff00000, 0x00000000fff6bff8]
[2025-01-29T20:06:51.837+0000][gc,cds       ] Mark open archive regions in map: [0x00000000ffe00000, 0x00000000ffe47ff8]
[2025-01-29T20:06:53.002+0000][gc,start     ] GC(0) Pause Young (Normal) (G1 Evacuation Pause)
[2025-01-29T20:06:53.003+0000][gc,task      ] GC(0) Using 2 workers of 2 for evacuation
[2025-01-29T20:06:53.015+0000][gc,phases    ] GC(0)   Pre Evacuate Collection Set: 0.0ms
[2025-01-29T20:06:53.015+0000][gc,phases    ] GC(0)   Evacuate Collection Set: 11.4ms
[2025-01-29T20:06:53.015+0000][gc,phases    ] GC(0)   Post Evacuate Collection Set: 0.3ms
[2025-01-29T20:06:53.015+0000][gc,phases    ] GC(0)   Other: 0.4ms
[2025-01-29T20:06:53.015+0000][gc,heap      ] GC(0) Eden regions: 51->0(44)
[2025-01-29T20:06:53.015+0000][gc,heap      ] GC(0) Survivor regions: 0->7(7)
[2025-01-29T20:06:53.015+0000][gc,heap      ] GC(0) Old regions: 2->2
[2025-01-29T20:06:53.015+0000][gc,heap      ] GC(0) Humongous regions: 0->0
[2025-01-29T20:06:53.015+0000][gc,metaspace ] GC(0) Metaspace: 16507K(17280K)->16507K(17280K) NonClass: 14310K(14848K)->14310K(14848K) Class: 2196K(2432K)->2196K(2432K)
[2025-01-29T20:06:53.015+0000][gc           ] GC(0) Pause Young (Normal) (G1 Evacuation Pause) 51M->7M(1024M) 12.201ms
[2025-01-29T20:06:53.015+0000][gc,cpu       ] GC(0) User=0.02s Sys=0.00s Real=0.01s
[2025-01-29T20:06:53.264+0000][gc,start     ] GC(1) Pause Young (Concurrent Start) (Metadata GC Threshold)
[2025-01-29T20:06:53.264+0000][gc,task      ] GC(1) Using 2 workers of 2 for evacuation
[2025-01-29T20:06:53.276+0000][gc,phases    ] GC(1)   Pre Evacuate Collection Set: 0.1ms
[2025-01-29T20:06:53.276+0000][gc,phases    ] GC(1)   Evacuate Collection Set: 11.7ms
[2025-01-29T20:06:53.276+0000][gc,phases    ] GC(1)   Post Evacuate Collection Set: 0.3ms
[2025-01-29T20:06:53.277+0000][gc,phases    ] GC(1)   Other: 0.3ms
[2025-01-29T20:06:53.277+0000][gc,heap      ] GC(1) Eden regions: 17->0(50)
[2025-01-29T20:06:53.277+0000][gc,heap      ] GC(1) Survivor regions: 7->1(7)
[2025-01-29T20:06:53.277+0000][gc,heap      ] GC(1) Old regions: 2->9
[2025-01-29T20:06:53.277+0000][gc,heap      ] GC(1) Humongous regions: 0->0
[2025-01-29T20:06:53.277+0000][gc,metaspace ] GC(1) Metaspace: 20587K(21248K)->20587K(21248K) NonClass: 17771K(18176K)->17771K(18176K) Class: 2816K(3072K)->2816K(3072K)
[2025-01-29T20:06:53.277+0000][gc           ] GC(1) Pause Young (Concurrent Start) (Metadata GC Threshold) 23M->7M(1024M) 12.417ms
[2025-01-29T20:06:53.277+0000][gc,cpu       ] GC(1) User=0.02s Sys=0.01s Real=0.01s
[2025-01-29T20:06:53.277+0000][gc           ] GC(2) Concurrent Cycle
[2025-01-29T20:06:53.278+0000][gc,marking   ] GC(2) Concurrent Clear Claimed Marks
[2025-01-29T20:06:53.278+0000][gc,marking   ] GC(2) Concurrent Clear Claimed Marks 0.062ms
[2025-01-29T20:06:53.278+0000][gc,marking   ] GC(2) Concurrent Scan Root Regions
[2025-01-29T20:06:53.279+0000][gc,marking   ] GC(2) Concurrent Scan Root Regions 0.792ms
[2025-01-29T20:06:53.279+0000][gc,marking   ] GC(2) Concurrent Mark (1.454s)
[2025-01-29T20:06:53.279+0000][gc,marking   ] GC(2) Concurrent Mark From Roots
[2025-01-29T20:06:53.279+0000][gc,task      ] GC(2) Using 1 workers of 1 for marking
[2025-01-29T20:06:53.295+0000][gc,marking   ] GC(2) Concurrent Mark From Roots 16.580ms
[2025-01-29T20:06:53.296+0000][gc,marking   ] GC(2) Concurrent Preclean
[2025-01-29T20:06:53.296+0000][gc,marking   ] GC(2) Concurrent Preclean 0.157ms
[2025-01-29T20:06:53.296+0000][gc,marking   ] GC(2) Concurrent Mark (1.454s, 1.471s) 16.878ms
[2025-01-29T20:06:53.298+0000][gc,start     ] GC(2) Pause Remark
[2025-01-29T20:06:53.300+0000][gc,stringtable] GC(2) Cleaned string and symbol table, strings: 5542 processed, 0 removed, symbols: 50655 processed, 50 removed
[2025-01-29T20:06:53.300+0000][gc            ] GC(2) Pause Remark 8M->8M(1024M) 2.506ms
[2025-01-29T20:06:53.300+0000][gc,cpu        ] GC(2) User=0.01s Sys=0.00s Real=0.01s
[2025-01-29T20:06:53.300+0000][gc,marking    ] GC(2) Concurrent Rebuild Remembered Sets
[2025-01-29T20:06:53.305+0000][gc,marking    ] GC(2) Concurrent Rebuild Remembered Sets 4.687ms
[2025-01-29T20:06:53.305+0000][gc,start      ] GC(2) Pause Cleanup
[2025-01-29T20:06:53.306+0000][gc            ] GC(2) Pause Cleanup 9M->9M(1024M) 0.179ms
[2025-01-29T20:06:53.306+0000][gc,cpu        ] GC(2) User=0.00s Sys=0.00s Real=0.00s
[2025-01-29T20:06:53.306+0000][gc,marking    ] GC(2) Concurrent Cleanup for Next Mark
[2025-01-29T20:06:53.313+0000][gc,marking    ] GC(2) Concurrent Cleanup for Next Mark 7.292ms
[2025-01-29T20:06:53.313+0000][gc            ] GC(2) Concurrent Cycle 36.339ms
[2025-01-29T20:06:54.203+0000][gc,start      ] GC(3) Pause Young (Normal) (G1 Evacuation Pause)
[2025-01-29T20:06:54.203+0000][gc,task       ] GC(3) Using 2 workers of 2 for evacuation
[2025-01-29T20:06:54.212+0000][gc,phases     ] GC(3)   Pre Evacuate Collection Set: 0.0ms
[2025-01-29T20:06:54.212+0000][gc,phases     ] GC(3)   Evacuate Collection Set: 9.0ms
[2025-01-29T20:06:54.212+0000][gc,phases     ] GC(3)   Post Evacuate Collection Set: 0.2ms
[2025-01-29T20:06:54.212+0000][gc,phases     ] GC(3)   Other: 0.1ms
[2025-01-29T20:06:54.212+0000][gc,heap       ] GC(3) Eden regions: 50->0(46)
[2025-01-29T20:06:54.212+0000][gc,heap       ] GC(3) Survivor regions: 1->5(7)
[2025-01-29T20:06:54.212+0000][gc,heap       ] GC(3) Old regions: 9->9
[2025-01-29T20:06:54.212+0000][gc,heap       ] GC(3) Humongous regions: 129->129
[2025-01-29T20:06:54.212+0000][gc,metaspace  ] GC(3) Metaspace: 30581K(31996K)->30581K(31996K) NonClass: 26784K(27648K)->26784K(27648K) Class: 3796K(4348K)->3796K(4348K)
[2025-01-29T20:06:54.212+0000][gc            ] GC(3) Pause Young (Normal) (G1 Evacuation Pause) 186M->140M(1024M) 9.534ms
[2025-01-29T20:06:54.212+0000][gc,cpu        ] GC(3) User=0.02s Sys=0.00s Real=0.01s
[2025-01-29T20:13:08.693+0000][gc,start      ] GC(4) Pause Young (Concurrent Start) (Metadata GC Threshold)
[2025-01-29T20:13:08.693+0000][gc,task       ] GC(4) Using 2 workers of 2 for evacuation
[2025-01-29T20:13:08.718+0000][gc,mmu        ] GC(4) MMU target violated: 21.0ms (20.0ms/21.0ms)
[2025-01-29T20:13:08.718+0000][gc,phases     ] GC(4)   Pre Evacuate Collection Set: 0.1ms
[2025-01-29T20:13:08.718+0000][gc,phases     ] GC(4)   Evacuate Collection Set: 24.1ms
[2025-01-29T20:13:08.718+0000][gc,phases     ] GC(4)   Post Evacuate Collection Set: 0.3ms
[2025-01-29T20:13:08.718+0000][gc,phases     ] GC(4)   Other: 0.3ms
[2025-01-29T20:13:08.718+0000][gc,heap       ] GC(4) Eden regions: 20->0(49)
[2025-01-29T20:13:08.718+0000][gc,heap       ] GC(4) Survivor regions: 5->2(7)
[2025-01-29T20:13:08.718+0000][gc,heap       ] GC(4) Old regions: 9->13
[2025-01-29T20:13:08.718+0000][gc,heap       ] GC(4) Humongous regions: 129->129
[2025-01-29T20:13:08.718+0000][gc,metaspace  ] GC(4) Metaspace: 34594K(36048K)->34594K(36048K) NonClass: 30217K(30976K)->30217K(30976K) Class: 4377K(5072K)->4377K(5072K)
[2025-01-29T20:13:08.718+0000][gc            ] GC(4) Pause Young (Concurrent Start) (Metadata GC Threshold) 160M->142M(1024M) 24.918ms
[2025-01-29T20:13:08.718+0000][gc,cpu        ] GC(4) User=0.04s Sys=0.00s Real=0.02s
[2025-01-29T20:13:08.718+0000][gc            ] GC(5) Concurrent Cycle
[2025-01-29T20:13:08.718+0000][gc,marking    ] GC(5) Concurrent Clear Claimed Marks
[2025-01-29T20:13:08.718+0000][gc,marking    ] GC(5) Concurrent Clear Claimed Marks 0.068ms
[2025-01-29T20:13:08.718+0000][gc,marking    ] GC(5) Concurrent Scan Root Regions
[2025-01-29T20:13:08.724+0000][gc,marking    ] GC(5) Concurrent Scan Root Regions 5.873ms
[2025-01-29T20:13:08.724+0000][gc,marking    ] GC(5) Concurrent Mark (376.899s)
[2025-01-29T20:13:08.724+0000][gc,marking    ] GC(5) Concurrent Mark From Roots
[2025-01-29T20:13:08.724+0000][gc,task       ] GC(5) Using 1 workers of 1 for marking
[2025-01-29T20:13:08.767+0000][gc,marking    ] GC(5) Concurrent Mark From Roots 43.206ms
[2025-01-29T20:13:08.767+0000][gc,marking    ] GC(5) Concurrent Preclean
[2025-01-29T20:13:08.767+0000][gc,marking    ] GC(5) Concurrent Preclean 0.070ms
[2025-01-29T20:13:08.767+0000][gc,marking    ] GC(5) Concurrent Mark (376.899s, 376.943s) 43.349ms
[2025-01-29T20:13:08.768+0000][gc,start      ] GC(5) Pause Remark
[2025-01-29T20:13:08.771+0000][gc,stringtable] GC(5) Cleaned string and symbol table, strings: 9967 processed, 10 removed, symbols: 80261 processed, 27 removed
[2025-01-29T20:13:08.771+0000][gc            ] GC(5) Pause Remark 143M->143M(1024M) 3.831ms
[2025-01-29T20:13:08.771+0000][gc,cpu        ] GC(5) User=0.01s Sys=0.00s Real=0.01s
[2025-01-29T20:13:08.771+0000][gc,marking    ] GC(5) Concurrent Rebuild Remembered Sets
[2025-01-29T20:13:08.789+0000][gc,marking    ] GC(5) Concurrent Rebuild Remembered Sets 17.513ms
[2025-01-29T20:13:08.789+0000][gc,start      ] GC(5) Pause Cleanup
[2025-01-29T20:13:08.789+0000][gc            ] GC(5) Pause Cleanup 144M->144M(1024M) 0.202ms
[2025-01-29T20:13:08.789+0000][gc,cpu        ] GC(5) User=0.00s Sys=0.00s Real=0.00s
[2025-01-29T20:13:08.789+0000][gc,marking    ] GC(5) Concurrent Cleanup for Next Mark
[2025-01-29T20:13:08.810+0000][gc,marking    ] GC(5) Concurrent Cleanup for Next Mark 20.242ms
[2025-01-29T20:13:08.810+0000][gc            ] GC(5) Concurrent Cycle 91.720ms
[2025-01-29T20:54:50.540+0000][gc,start      ] GC(6) Pause Young (Normal) (G1 Evacuation Pause)
[2025-01-29T20:54:50.540+0000][gc,task       ] GC(6) Using 2 workers of 2 for evacuation
[2025-01-29T20:54:50.551+0000][gc,phases     ] GC(6)   Pre Evacuate Collection Set: 0.0ms
[2025-01-29T20:54:50.551+0000][gc,phases     ] GC(6)   Evacuate Collection Set: 10.6ms
[2025-01-29T20:54:50.551+0000][gc,phases     ] GC(6)   Post Evacuate Collection Set: 0.4ms
[2025-01-29T20:54:50.551+0000][gc,phases     ] GC(6)   Other: 0.3ms
[2025-01-29T20:54:50.551+0000][gc,heap       ] GC(6) Eden regions: 49->0(49)
[2025-01-29T20:54:50.551+0000][gc,heap       ] GC(6) Survivor regions: 2->2(7)
[2025-01-29T20:54:50.551+0000][gc,heap       ] GC(6) Old regions: 13->13
[2025-01-29T20:54:50.551+0000][gc,heap       ] GC(6) Humongous regions: 129->129
[2025-01-29T20:54:50.551+0000][gc,metaspace  ] GC(6) Metaspace: 37476K(39452K)->37476K(39452K) NonClass: 32663K(33792K)->32663K(33792K) Class: 4812K(5660K)->4812K(5660K)
[2025-01-29T20:54:50.551+0000][gc            ] GC(6) Pause Young (Normal) (G1 Evacuation Pause) 191M->142M(1024M) 11.319ms
[2025-01-29T20:54:50.551+0000][gc,cpu        ] GC(6) User=0.02s Sys=0.00s Real=0.01s
[2025-01-29T20:55:17.395+0000][gc,start      ] GC(7) Pause Young (Normal) (G1 Evacuation Pause)
[2025-01-29T20:55:17.395+0000][gc,task       ] GC(7) Using 2 workers of 2 for evacuation
[2025-01-29T20:55:17.402+0000][gc,phases     ] GC(7)   Pre Evacuate Collection Set: 0.0ms
[2025-01-29T20:55:17.402+0000][gc,phases     ] GC(7)   Evacuate Collection Set: 6.5ms
[2025-01-29T20:55:17.402+0000][gc,phases     ] GC(7)   Post Evacuate Collection Set: 0.6ms
[2025-01-29T20:55:17.402+0000][gc,phases     ] GC(7)   Other: 0.2ms
[2025-01-29T20:55:17.402+0000][gc,heap       ] GC(7) Eden regions: 49->0(47)
[2025-01-29T20:55:17.402+0000][gc,heap       ] GC(7) Survivor regions: 2->4(7)
[2025-01-29T20:55:17.402+0000][gc,heap       ] GC(7) Old regions: 13->13
[2025-01-29T20:55:17.402+0000][gc,heap       ] GC(7) Humongous regions: 129->129
[2025-01-29T20:55:17.402+0000][gc,metaspace  ] GC(7) Metaspace: 39637K(41756K)->39637K(41756K) NonClass: 34543K(35584K)->34543K(35584K) Class: 5094K(6172K)->5094K(6172K)
[2025-01-29T20:55:17.402+0000][gc            ] GC(7) Pause Young (Normal) (G1 Evacuation Pause) 191M->144M(1024M) 7.352ms
[2025-01-29T20:55:17.403+0000][gc,cpu        ] GC(7) User=0.01s Sys=0.01s Real=0.01s
[2025-01-29T20:55:58.717+0000][gc,start      ] GC(8) Pause Young (Normal) (G1 Evacuation Pause)
[2025-01-29T20:55:58.717+0000][gc,task       ] GC(8) Using 2 workers of 2 for evacuation
[2025-01-29T20:55:58.724+0000][gc,phases     ] GC(8)   Pre Evacuate Collection Set: 0.0ms
[2025-01-29T20:55:58.724+0000][gc,phases     ] GC(8)   Evacuate Collection Set: 6.4ms
[2025-01-29T20:55:58.724+0000][gc,phases     ] GC(8)   Post Evacuate Collection Set: 0.5ms
[2025-01-29T20:55:58.724+0000][gc,phases     ] GC(8)   Other: 0.2ms
[2025-01-29T20:55:58.724+0000][gc,heap       ] GC(8) Eden regions: 47->0(47)
[2025-01-29T20:55:58.724+0000][gc,heap       ] GC(8) Survivor regions: 4->4(7)
[2025-01-29T20:55:58.724+0000][gc,heap       ] GC(8) Old regions: 13->13
[2025-01-29T20:55:58.724+0000][gc,heap       ] GC(8) Humongous regions: 129->129
[2025-01-29T20:55:58.724+0000][gc,metaspace  ] GC(8) Metaspace: 39697K(42012K)->39697K(42012K) NonClass: 34601K(35840K)->34601K(35840K) Class: 5095K(6172K)->5095K(6172K)
[2025-01-29T20:55:58.724+0000][gc            ] GC(8) Pause Young (Normal) (G1 Evacuation Pause) 191M->144M(1024M) 7.238ms
[2025-01-29T20:55:58.724+0000][gc,cpu        ] GC(8) User=0.01s Sys=0.00s Real=0.01s
[2025-01-29T21:05:42.342+0000][gc,start      ] GC(9) Pause Young (Normal) (G1 Evacuation Pause)
[2025-01-29T21:05:42.342+0000][gc,task       ] GC(9) Using 2 workers of 2 for evacuation
[2025-01-29T21:05:42.350+0000][gc,phases     ] GC(9)   Pre Evacuate Collection Set: 0.0ms
[2025-01-29T21:05:42.351+0000][gc,phases     ] GC(9)   Evacuate Collection Set: 6.6ms
[2025-01-29T21:05:42.351+0000][gc,phases     ] GC(9)   Post Evacuate Collection Set: 1.3ms
[2025-01-29T21:05:42.351+0000][gc,phases     ] GC(9)   Other: 0.2ms
[2025-01-29T21:05:42.351+0000][gc,heap       ] GC(9) Eden regions: 47->0(47)
[2025-01-29T21:05:42.351+0000][gc,heap       ] GC(9) Survivor regions: 4->4(7)
[2025-01-29T21:05:42.351+0000][gc,heap       ] GC(9) Old regions: 13->13
[2025-01-29T21:05:42.351+0000][gc,heap       ] GC(9) Humongous regions: 129->129
[2025-01-29T21:05:42.351+0000][gc,metaspace  ] GC(9) Metaspace: 40021K(42268K)->40021K(42268K) NonClass: 34890K(36096K)->34890K(36096K) Class: 5130K(6172K)->5130K(6172K)
[2025-01-29T21:05:42.351+0000][gc            ] GC(9) Pause Young (Normal) (G1 Evacuation Pause) 191M->144M(1024M) 8.249ms
[2025-01-29T21:05:42.351+0000][gc,cpu        ] GC(9) User=0.01s Sys=0.00s Real=0.00s
[2025-01-29T21:09:05.689+0000][gc,start      ] GC(10) Pause Young (Normal) (G1 Evacuation Pause)
[2025-01-29T21:09:05.690+0000][gc,task       ] GC(10) Using 2 workers of 2 for evacuation
[2025-01-29T21:09:05.698+0000][gc,phases     ] GC(10)   Pre Evacuate Collection Set: 0.0ms
[2025-01-29T21:09:05.698+0000][gc,phases     ] GC(10)   Evacuate Collection Set: 7.5ms
[2025-01-29T21:09:05.698+0000][gc,phases     ] GC(10)   Post Evacuate Collection Set: 0.4ms
[2025-01-29T21:09:05.698+0000][gc,phases     ] GC(10)   Other: 0.3ms
[2025-01-29T21:09:05.698+0000][gc,heap       ] GC(10) Eden regions: 47->0(47)
[2025-01-29T21:09:05.698+0000][gc,heap       ] GC(10) Survivor regions: 4->4(7)
[2025-01-29T21:09:05.698+0000][gc,heap       ] GC(10) Old regions: 13->14
[2025-01-29T21:09:05.698+0000][gc,heap       ] GC(10) Humongous regions: 129->129
[2025-01-29T21:09:05.698+0000][gc,metaspace  ] GC(10) Metaspace: 40104K(42268K)->40104K(42268K) NonClass: 34962K(36096K)->34962K(36096K) Class: 5141K(6172K)->5141K(6172K)
[2025-01-29T21:09:05.698+0000][gc            ] GC(10) Pause Young (Normal) (G1 Evacuation Pause) 191M->144M(1024M) 8.285ms
[2025-01-29T21:09:05.698+0000][gc,cpu        ] GC(10) User=0.01s Sys=0.00s Real=0.01s
[2025-01-29T21:09:49.631+0000][gc,start      ] GC(11) Pause Young (Normal) (G1 Evacuation Pause)
[2025-01-29T21:09:49.631+0000][gc,task       ] GC(11) Using 2 workers of 2 for evacuation
[2025-01-29T21:09:49.637+0000][gc,phases     ] GC(11)   Pre Evacuate Collection Set: 0.0ms
[2025-01-29T21:09:49.637+0000][gc,phases     ] GC(11)   Evacuate Collection Set: 5.6ms
[2025-01-29T21:09:49.637+0000][gc,phases     ] GC(11)   Post Evacuate Collection Set: 0.5ms
[2025-01-29T21:09:49.637+0000][gc,phases     ] GC(11)   Other: 0.2ms
[2025-01-29T21:09:49.637+0000][gc,heap       ] GC(11) Eden regions: 47->0(47)
[2025-01-29T21:09:49.637+0000][gc,heap       ] GC(11) Survivor regions: 4->4(7)
[2025-01-29T21:09:49.637+0000][gc,heap       ] GC(11) Old regions: 14->14
[2025-01-29T21:09:49.637+0000][gc,heap       ] GC(11) Humongous regions: 129->129
[2025-01-29T21:09:49.637+0000][gc,metaspace  ] GC(11) Metaspace: 40110K(42268K)->40110K(42268K) NonClass: 34969K(36096K)->34969K(36096K) Class: 5141K(6172K)->5141K(6172K)
[2025-01-29T21:09:49.638+0000][gc            ] GC(11) Pause Young (Normal) (G1 Evacuation Pause) 191M->144M(1024M) 6.396ms
[2025-01-29T21:09:49.638+0000][gc,cpu        ] GC(11) User=0.01s Sys=0.00s Real=0.00s
[2025-01-29T21:10:33.797+0000][gc,start      ] GC(12) Pause Young (Normal) (G1 Evacuation Pause)
[2025-01-29T21:10:33.797+0000][gc,task       ] GC(12) Using 2 workers of 2 for evacuation
[2025-01-29T21:10:33.807+0000][gc,phases     ] GC(12)   Pre Evacuate Collection Set: 0.0ms
[2025-01-29T21:10:33.807+0000][gc,phases     ] GC(12)   Evacuate Collection Set: 8.4ms
[2025-01-29T21:10:33.807+0000][gc,phases     ] GC(12)   Post Evacuate Collection Set: 1.3ms
[2025-01-29T21:10:33.807+0000][gc,phases     ] GC(12)   Other: 0.5ms
[2025-01-29T21:10:33.807+0000][gc,heap       ] GC(12) Eden regions: 47->0(48)
[2025-01-29T21:10:33.807+0000][gc,heap       ] GC(12) Survivor regions: 4->3(7)
[2025-01-29T21:10:33.807+0000][gc,heap       ] GC(12) Old regions: 14->14
[2025-01-29T21:10:33.807+0000][gc,heap       ] GC(12) Humongous regions: 129->129
[2025-01-29T21:10:33.807+0000][gc,metaspace  ] GC(12) Metaspace: 40120K(42268K)->40120K(42268K) NonClass: 34979K(36096K)->34979K(36096K) Class: 5141K(6172K)->5141K(6172K)
[2025-01-29T21:10:33.807+0000][gc            ] GC(12) Pause Young (Normal) (G1 Evacuation Pause) 191M->144M(1024M) 10.288ms
[2025-01-29T21:10:33.807+0000][gc,cpu        ] GC(12) User=0.01s Sys=0.00s Real=0.01s
[2025-01-29T21:11:19.466+0000][gc,start      ] GC(13) Pause Young (Normal) (G1 Evacuation Pause)
[2025-01-29T21:11:19.466+0000][gc,task       ] GC(13) Using 2 workers of 2 for evacuation
[2025-01-29T21:11:19.473+0000][gc,phases     ] GC(13)   Pre Evacuate Collection Set: 0.0ms
[2025-01-29T21:11:19.473+0000][gc,phases     ] GC(13)   Evacuate Collection Set: 6.2ms
[2025-01-29T21:11:19.473+0000][gc,phases     ] GC(13)   Post Evacuate Collection Set: 0.4ms
[2025-01-29T21:11:19.473+0000][gc,phases     ] GC(13)   Other: 0.4ms
[2025-01-29T21:11:19.473+0000][gc,heap       ] GC(13) Eden regions: 48->0(50)
[2025-01-29T21:11:19.473+0000][gc,heap       ] GC(13) Survivor regions: 3->4(7)
[2025-01-29T21:11:19.473+0000][gc,heap       ] GC(13) Old regions: 14->14
[2025-01-29T21:11:19.473+0000][gc,heap       ] GC(13) Humongous regions: 129->129
[2025-01-29T21:11:19.473+0000][gc,metaspace  ] GC(13) Metaspace: 40160K(42268K)->40160K(42268K) NonClass: 35019K(36096K)->35019K(36096K) Class: 5141K(6172K)->5141K(6172K)
[2025-01-29T21:11:19.473+0000][gc            ] GC(13) Pause Young (Normal) (G1 Evacuation Pause) 192M->144M(1024M) 7.157ms
[2025-01-29T21:11:19.473+0000][gc,cpu        ] GC(13) User=0.01s Sys=0.00s Real=0.01s
[2025-01-29T21:12:05.897+0000][gc,start      ] GC(14) Pause Young (Normal) (G1 Evacuation Pause)
[2025-01-29T21:12:05.897+0000][gc,task       ] GC(14) Using 2 workers of 2 for evacuation
[2025-01-29T21:12:05.903+0000][gc,phases     ] GC(14)   Pre Evacuate Collection Set: 0.0ms
[2025-01-29T21:12:05.903+0000][gc,phases     ] GC(14)   Evacuate Collection Set: 5.4ms
[2025-01-29T21:12:05.903+0000][gc,phases     ] GC(14)   Post Evacuate Collection Set: 0.4ms
[2025-01-29T21:12:05.903+0000][gc,phases     ] GC(14)   Other: 0.2ms
[2025-01-29T21:12:05.903+0000][gc,heap       ] GC(14) Eden regions: 50->0(54)
[2025-01-29T21:12:05.903+0000][gc,heap       ] GC(14) Survivor regions: 4->4(7)
[2025-01-29T21:12:05.903+0000][gc,heap       ] GC(14) Old regions: 14->14
[2025-01-29T21:12:05.903+0000][gc,heap       ] GC(14) Humongous regions: 129->129
[2025-01-29T21:12:05.903+0000][gc,metaspace  ] GC(14) Metaspace: 40174K(42268K)->40174K(42268K) NonClass: 35033K(36096K)->35033K(36096K) Class: 5141K(6172K)->5141K(6172K)
[2025-01-29T21:12:05.903+0000][gc            ] GC(14) Pause Young (Normal) (G1 Evacuation Pause) 194M->144M(1024M) 6.195ms
[2025-01-29T21:12:05.903+0000][gc,cpu        ] GC(14) User=0.01s Sys=0.00s Real=0.01s
[2025-01-29T21:12:57.161+0000][gc,start      ] GC(15) Pause Young (Normal) (G1 Evacuation Pause)
[2025-01-29T21:12:57.161+0000][gc,task       ] GC(15) Using 2 workers of 2 for evacuation
[2025-01-29T21:12:57.169+0000][gc,phases     ] GC(15)   Pre Evacuate Collection Set: 0.0ms
[2025-01-29T21:12:57.169+0000][gc,phases     ] GC(15)   Evacuate Collection Set: 7.1ms
[2025-01-29T21:12:57.169+0000][gc,phases     ] GC(15)   Post Evacuate Collection Set: 0.5ms
[2025-01-29T21:12:57.169+0000][gc,phases     ] GC(15)   Other: 0.2ms
[2025-01-29T21:12:57.169+0000][gc,heap       ] GC(15) Eden regions: 54->0(65)
[2025-01-29T21:12:57.169+0000][gc,heap       ] GC(15) Survivor regions: 4->4(8)
[2025-01-29T21:12:57.169+0000][gc,heap       ] GC(15) Old regions: 14->14
[2025-01-29T21:12:57.169+0000][gc,heap       ] GC(15) Humongous regions: 129->129
[2025-01-29T21:12:57.169+0000][gc,metaspace  ] GC(15) Metaspace: 40202K(42268K)->40202K(42268K) NonClass: 35061K(36096K)->35061K(36096K) Class: 5141K(6172K)->5141K(6172K)
[2025-01-29T21:12:57.169+0000][gc            ] GC(15) Pause Young (Normal) (G1 Evacuation Pause) 198M->144M(1024M) 7.932ms
[2025-01-29T21:12:57.169+0000][gc,cpu        ] GC(15) User=0.02s Sys=0.00s Real=0.00s
[2025-01-29T21:17:17.467+0000][gc,start      ] GC(16) Pause Young (Normal) (G1 Evacuation Pause)
[2025-01-29T21:17:17.467+0000][gc,task       ] GC(16) Using 2 workers of 2 for evacuation
[2025-01-29T21:17:17.474+0000][gc,phases     ] GC(16)   Pre Evacuate Collection Set: 0.0ms
[2025-01-29T21:17:17.474+0000][gc,phases     ] GC(16)   Evacuate Collection Set: 6.5ms
[2025-01-29T21:17:17.474+0000][gc,phases     ] GC(16)   Post Evacuate Collection Set: 0.4ms
[2025-01-29T21:17:17.474+0000][gc,phases     ] GC(16)   Other: 0.2ms
[2025-01-29T21:17:17.474+0000][gc,heap       ] GC(16) Eden regions: 65->0(94)
[2025-01-29T21:17:17.474+0000][gc,heap       ] GC(16) Survivor regions: 4->4(9)
[2025-01-29T21:17:17.474+0000][gc,heap       ] GC(16) Old regions: 14->14
[2025-01-29T21:17:17.474+0000][gc,heap       ] GC(16) Humongous regions: 129->129
[2025-01-29T21:17:17.474+0000][gc,metaspace  ] GC(16) Metaspace: 40272K(42524K)->40272K(42524K) NonClass: 35131K(36352K)->35131K(36352K) Class: 5141K(6172K)->5141K(6172K)
[2025-01-29T21:17:17.474+0000][gc            ] GC(16) Pause Young (Normal) (G1 Evacuation Pause) 209M->144M(1024M) 7.212ms
[2025-01-29T21:17:17.474+0000][gc,cpu        ] GC(16) User=0.01s Sys=0.00s Real=0.01s
