[2025-01-31T22:06:12.954+0000][gc,heap] Heap region size: 1M
[2025-01-31T22:06:12.959+0000][gc     ] Using G1
[2025-01-31T22:06:12.959+0000][gc,heap,coops] Heap address: 0x00000000e0000000, size: 512 MB, Compressed Oops mode: 32-bit
[2025-01-31T22:06:59.407+0000][gc,start     ] GC(0) Pause Young (Normal) (G1 Evacuation Pause)
[2025-01-31T22:06:59.407+0000][gc,task      ] GC(0) Using 2 workers of 2 for evacuation
[2025-01-31T22:06:59.414+0000][gc,phases    ] GC(0)   Pre Evacuate Collection Set: 0.0ms
[2025-01-31T22:06:59.414+0000][gc,phases    ] GC(0)   Evacuate Collection Set: 6.3ms
[2025-01-31T22:06:59.414+0000][gc,phases    ] GC(0)   Post Evacuate Collection Set: 0.2ms
[2025-01-31T22:06:59.414+0000][gc,phases    ] GC(0)   Other: 0.2ms
[2025-01-31T22:06:59.414+0000][gc,heap      ] GC(0) Eden regions: 25->0(21)
[2025-01-31T22:06:59.414+0000][gc,heap      ] GC(0) Survivor regions: 0->4(4)
[2025-01-31T22:06:59.414+0000][gc,heap      ] GC(0) Old regions: 0->2
[2025-01-31T22:06:59.414+0000][gc,heap      ] GC(0) Humongous regions: 0->0
[2025-01-31T22:06:59.414+0000][gc,metaspace ] GC(0) Metaspace: 15377K->15377K(1062912K)
[2025-01-31T22:06:59.414+0000][gc           ] GC(0) Pause Young (Normal) (G1 Evacuation Pause) 25M->5M(512M) 6.860ms
[2025-01-31T22:06:59.414+0000][gc,cpu       ] GC(0) User=0.02s Sys=0.00s Real=0.00s
